Archive member included to satisfy reference by file (symbol)

pico-ssd1306/libpico_ssd1306.a(ssd1306.cpp.obj)
                              CMakeFiles/main.dir/main.cpp.obj (pico_ssd1306::SSD1306::SSD1306())
pico-ssd1306/libpico_ssd1306.a(FrameBuffer.cpp.obj)
                              pico-ssd1306/libpico_ssd1306.a(ssd1306.cpp.obj) (FrameBuffer::FrameBuffer())
pico-ssd1306/textRenderer/libssd1306_textRenderer.a(TextRenderer.cpp.obj)
                              CMakeFiles/main.dir/main.cpp.obj (pico_ssd1306::drawText(pico_ssd1306::SSD1306*, unsigned char const*, char const*, unsigned char, unsigned char, pico_ssd1306::WriteMode, pico_ssd1306::Rotation))
/usr/lib/gcc/arm-none-eabi/8.3.1/thumb/v6-m/nofp/libgcc.a(_dvmd_tls.o)
                              CMakeFiles/main.dir/home/Sebus/PicoSDK/pico-sdk/src/rp2_common/pico_divider/divider.S.obj (__aeabi_idiv0)
/usr/lib/gcc/arm-none-eabi/8.3.1/../../../arm-none-eabi/lib/thumb/v6-m/nofp/libc.a(lib_a-atexit.o)
                              /usr/lib/gcc/arm-none-eabi/8.3.1/../../../arm-none-eabi/lib/thumb/v6-m/nofp/crt0.o (atexit)
/usr/lib/gcc/arm-none-eabi/8.3.1/../../../arm-none-eabi/lib/thumb/v6-m/nofp/libc.a(lib_a-calloc.o)
                              CMakeFiles/main.dir/home/Sebus/PicoSDK/pico-sdk/src/rp2_common/pico_malloc/pico_malloc.c.obj (calloc)
/usr/lib/gcc/arm-none-eabi/8.3.1/../../../arm-none-eabi/lib/thumb/v6-m/nofp/libc.a(lib_a-callocr.o)
                              /usr/lib/gcc/arm-none-eabi/8.3.1/../../../arm-none-eabi/lib/thumb/v6-m/nofp/libc.a(lib_a-calloc.o) (_calloc_r)
/usr/lib/gcc/arm-none-eabi/8.3.1/../../../arm-none-eabi/lib/thumb/v6-m/nofp/libc.a(lib_a-fini.o)
                              /usr/lib/gcc/arm-none-eabi/8.3.1/../../../arm-none-eabi/lib/thumb/v6-m/nofp/crt0.o (__libc_fini_array)
/usr/lib/gcc/arm-none-eabi/8.3.1/../../../arm-none-eabi/lib/thumb/v6-m/nofp/libc.a(lib_a-impure.o)
                              /usr/lib/gcc/arm-none-eabi/8.3.1/../../../arm-none-eabi/lib/thumb/v6-m/nofp/libc.a(lib_a-calloc.o) (_impure_ptr)
/usr/lib/gcc/arm-none-eabi/8.3.1/../../../arm-none-eabi/lib/thumb/v6-m/nofp/libc.a(lib_a-init.o)
                              /usr/lib/gcc/arm-none-eabi/8.3.1/../../../arm-none-eabi/lib/thumb/v6-m/nofp/crt0.o (__libc_init_array)
/usr/lib/gcc/arm-none-eabi/8.3.1/../../../arm-none-eabi/lib/thumb/v6-m/nofp/libc.a(lib_a-malloc.o)
                              CMakeFiles/main.dir/home/Sebus/PicoSDK/pico-sdk/src/rp2_common/pico_malloc/pico_malloc.c.obj (malloc)
/usr/lib/gcc/arm-none-eabi/8.3.1/../../../arm-none-eabi/lib/thumb/v6-m/nofp/libc.a(lib_a-mallocr.o)
                              /usr/lib/gcc/arm-none-eabi/8.3.1/../../../arm-none-eabi/lib/thumb/v6-m/nofp/libc.a(lib_a-callocr.o) (_malloc_r)
/usr/lib/gcc/arm-none-eabi/8.3.1/../../../arm-none-eabi/lib/thumb/v6-m/nofp/libc.a(lib_a-mlock.o)
                              /usr/lib/gcc/arm-none-eabi/8.3.1/../../../arm-none-eabi/lib/thumb/v6-m/nofp/libc.a(lib_a-mallocr.o) (__malloc_lock)
/usr/lib/gcc/arm-none-eabi/8.3.1/../../../arm-none-eabi/lib/thumb/v6-m/nofp/libc.a(lib_a-sbrkr.o)
                              /usr/lib/gcc/arm-none-eabi/8.3.1/../../../arm-none-eabi/lib/thumb/v6-m/nofp/libc.a(lib_a-mallocr.o) (_sbrk_r)
/usr/lib/gcc/arm-none-eabi/8.3.1/../../../arm-none-eabi/lib/thumb/v6-m/nofp/libc.a(lib_a-strlen-stub.o)
                              CMakeFiles/main.dir/home/Sebus/PicoSDK/pico-sdk/src/rp2_common/pico_stdio/stdio.c.obj (strlen)
/usr/lib/gcc/arm-none-eabi/8.3.1/../../../arm-none-eabi/lib/thumb/v6-m/nofp/libc.a(lib_a-__atexit.o)
                              /usr/lib/gcc/arm-none-eabi/8.3.1/../../../arm-none-eabi/lib/thumb/v6-m/nofp/libc.a(lib_a-atexit.o) (__register_exitproc)
/usr/lib/gcc/arm-none-eabi/8.3.1/../../../arm-none-eabi/lib/thumb/v6-m/nofp/libc.a(lib_a-freer.o)
                              /usr/lib/gcc/arm-none-eabi/8.3.1/../../../arm-none-eabi/lib/thumb/v6-m/nofp/libc.a(lib_a-malloc.o) (_free_r)
/usr/lib/gcc/arm-none-eabi/8.3.1/../../../arm-none-eabi/lib/thumb/v6-m/nofp/libc.a(lib_a-reent.o)
                              /usr/lib/gcc/arm-none-eabi/8.3.1/../../../arm-none-eabi/lib/thumb/v6-m/nofp/libc.a(lib_a-sbrkr.o) (errno)

Allocating common symbols
Common symbol       size              file

sf_table            0x100             CMakeFiles/main.dir/home/Sebus/PicoSDK/pico-sdk/src/rp2_common/pico_float/float_init_rom.c.obj
errno               0x4               /usr/lib/gcc/arm-none-eabi/8.3.1/../../../arm-none-eabi/lib/thumb/v6-m/nofp/libc.a(lib_a-reent.o)
_usbd_qdef_buf      0xc0              CMakeFiles/main.dir/home/Sebus/PicoSDK/pico-sdk/lib/tinyusb/src/device/usbd.c.obj
sd_table            0x100             CMakeFiles/main.dir/home/Sebus/PicoSDK/pico-sdk/src/rp2_common/pico_double/double_init_rom.c.obj
uart_char_to_line_feed
                    0x4               CMakeFiles/main.dir/home/Sebus/PicoSDK/pico-sdk/src/rp2_common/hardware_uart/uart.c.obj

Discarded input sections

[...]
Memory Configuration

Name             Origin             Length             Attributes
FLASH            0x0000000010000000 0x0000000000200000 xr
RAM              0x0000000020000000 0x0000000000040000 xrw
SCRATCH_X        0x0000000020040000 0x0000000000001000 xrw
SCRATCH_Y        0x0000000020041000 0x0000000000001000 xrw
*default*        0x0000000000000000 0xffffffffffffffff

Linker script and memory map

LOAD /usr/lib/gcc/arm-none-eabi/8.3.1/thumb/v6-m/nofp/crti.o
LOAD /usr/lib/gcc/arm-none-eabi/8.3.1/thumb/v6-m/nofp/crtbegin.o
LOAD /usr/lib/gcc/arm-none-eabi/8.3.1/../../../arm-none-eabi/lib/thumb/v6-m/nofp/crt0.o

.flash_begin    0x0000000010000000        0x0
                0x0000000010000000                __flash_binary_start = .

.boot2          0x0000000010000000      0x100
                0x0000000010000000                __boot2_start__ = .
 *(.boot2)
 .boot2         0x0000000010000000      0x100 /tmp/ccLd1xn3.o
                0x0000000010000100                __boot2_end__ = .
                0x0000000000000001                ASSERT (((__boot2_end__ - __boot2_start__) == 0x100), ERROR: Pico second stage bootloader must be 256 bytes in size)

.text           0x0000000010000100     0x8a90
                0x0000000010000100                __logical_binary_start = .
 *(.vectors)
 .vectors       0x0000000010000100       0xd4 CMakeFiles/main.dir/home/Sebus/PicoSDK/pico-sdk/src/rp2_common/pico_standard_link/crt0.S.obj
                0x0000000010000100                __vectors
                0x0000000010000100                __VECTOR_TABLE
                0x00000000100001c0                isr_invalid
                0x00000000100001c0                __default_isrs_start
                0x00000000100001c2                isr_nmi
                0x00000000100001c4                isr_hardfault
                0x00000000100001c6                isr_svcall
                0x00000000100001c8                isr_pendsv
                0x00000000100001ca                isr_systick
                0x00000000100001cc                isr_irq30
                0x00000000100001cc                __unhandled_user_irq
                0x00000000100001cc                isr_irq13
                0x00000000100001cc                isr_irq27
                0x00000000100001cc                isr_irq31
                0x00000000100001cc                isr_irq5
                0x00000000100001cc                isr_irq11
                0x00000000100001cc                isr_irq23
                0x00000000100001cc                isr_irq18
                0x00000000100001cc                isr_irq28
                0x00000000100001cc                isr_irq19
                0x00000000100001cc                isr_irq0
                0x00000000100001cc                isr_irq6
                0x00000000100001cc                isr_irq22
                0x00000000100001cc                isr_irq17
                0x00000000100001cc                isr_irq14
                0x00000000100001cc                isr_irq2
                0x00000000100001cc                isr_irq10
                0x00000000100001cc                isr_irq8
                0x00000000100001cc                isr_irq24
                0x00000000100001cc                isr_irq1
                0x00000000100001cc                isr_irq7
                0x00000000100001cc                isr_irq21
                0x00000000100001cc                isr_irq20
                0x00000000100001cc                isr_irq15
                0x00000000100001cc                isr_irq25
                0x00000000100001cc                isr_irq4
                0x00000000100001cc                isr_irq16
                0x00000000100001cc                isr_irq29
                0x00000000100001cc                isr_irq26
                0x00000000100001cc                __default_isrs_end
                0x00000000100001cc                isr_irq3
                0x00000000100001cc                isr_irq12
                0x00000000100001cc                isr_irq9
                0x00000000100001d2                unhandled_user_irq_num_in_r0
 *(.binary_info_header)
 .binary_info_header
                0x00000000100001d4       0x14 CMakeFiles/main.dir/home/Sebus/PicoSDK/pico-sdk/src/rp2_common/pico_standard_link/crt0.S.obj
                0x00000000100001e8                __binary_info_header_end = .
 *(.reset)
 .reset         0x00000000100001e8       0xa8 CMakeFiles/main.dir/home/Sebus/PicoSDK/pico-sdk/src/rp2_common/pico_standard_link/crt0.S.obj
                0x00000000100001e8                _entry_point
                0x0000000010000266                __get_current_exception
 .reset         0x0000000010000290       0x30 CMakeFiles/main.dir/home/Sebus/PicoSDK/pico-sdk/src/rp2_common/pico_standard_link/binary_info.c.obj
 *(.init)
 .init          0x00000000100002c0        0x4 /usr/lib/gcc/arm-none-eabi/8.3.1/thumb/v6-m/nofp/crti.o
                0x00000000100002c0                _init
 *(EXCLUDE_FILE(*libm.a: *libc.a:*lib_a-mem*.o *libgcc.a:) .text*)
 .text          0x00000000100002c4       0x98 /usr/lib/gcc/arm-none-eabi/8.3.1/thumb/v6-m/nofp/crtbegin.o
 .text._Z22pwm_interrupt_callbackv
                0x000000001000035c       0xb8 CMakeFiles/main.dir/main.cpp.obj
                0x000000001000035c                pwm_interrupt_callback()
 .text._Z19irq_button_callbackv
                0x0000000010000414      0x1cc CMakeFiles/main.dir/main.cpp.obj
                0x0000000010000414                irq_button_callback()
 .text._Z14timer_callbackP15repeating_timer
                0x00000000100005e0       0x70 CMakeFiles/main.dir/main.cpp.obj
                0x00000000100005e0                timer_callback(repeating_timer*)
 .text.startup.main
                0x0000000010000650      0x268 CMakeFiles/main.dir/main.cpp.obj
                0x0000000010000650                main
 .text.startup._GLOBAL__sub_I_level
                0x00000000100008b8       0x10 CMakeFiles/main.dir/main.cpp.obj
 .text.gpio_irq_handler
                0x00000000100008c8       0x74 CMakeFiles/main.dir/home/Sebus/PicoSDK/pico-sdk/src/rp2_common/hardware_gpio/gpio.c.obj
 .text.gpio_set_function
                0x000000001000093c       0x30 CMakeFiles/main.dir/home/Sebus/PicoSDK/pico-sdk/src/rp2_common/hardware_gpio/gpio.c.obj
                0x000000001000093c                gpio_set_function
 .text.gpio_set_pulls
                0x000000001000096c       0x30 CMakeFiles/main.dir/home/Sebus/PicoSDK/pico-sdk/src/rp2_common/hardware_gpio/gpio.c.obj
                0x000000001000096c                gpio_set_pulls
 .text.gpio_set_irq_enabled_with_callback
                0x000000001000099c       0x74 CMakeFiles/main.dir/home/Sebus/PicoSDK/pico-sdk/src/rp2_common/hardware_gpio/gpio.c.obj
                0x000000001000099c                gpio_set_irq_enabled_with_callback
 .text.gpio_acknowledge_irq
                0x0000000010000a10       0x18 CMakeFiles/main.dir/home/Sebus/PicoSDK/pico-sdk/src/rp2_common/hardware_gpio/gpio.c.obj
                0x0000000010000a10                gpio_acknowledge_irq
 .text.gpio_set_input_enabled
                0x0000000010000a28       0x28 CMakeFiles/main.dir/home/Sebus/PicoSDK/pico-sdk/src/rp2_common/hardware_gpio/gpio.c.obj
                0x0000000010000a28                gpio_set_input_enabled
 .text.gpio_init
                0x0000000010000a50       0x3c CMakeFiles/main.dir/home/Sebus/PicoSDK/pico-sdk/src/rp2_common/hardware_gpio/gpio.c.obj
                0x0000000010000a50                gpio_init
 .text.hw_claim_or_assert
                0x0000000010000a8c       0x44 CMakeFiles/main.dir/home/Sebus/PicoSDK/pico-sdk/src/rp2_common/hardware_claim/claim.c.obj
                0x0000000010000a8c                hw_claim_or_assert
 .text.hw_claim_unused_from_range
                0x0000000010000ad0       0x9c CMakeFiles/main.dir/home/Sebus/PicoSDK/pico-sdk/src/rp2_common/hardware_claim/claim.c.obj
                0x0000000010000ad0                hw_claim_unused_from_range
 .text.running_on_fpga
                0x0000000010000b6c       0x10 CMakeFiles/main.dir/home/Sebus/PicoSDK/pico-sdk/src/rp2_common/pico_platform/platform.c.obj
                0x0000000010000b6c                running_on_fpga
 .text.spin_locks_reset
                0x0000000010000b7c       0x1c CMakeFiles/main.dir/home/Sebus/PicoSDK/pico-sdk/src/rp2_common/hardware_sync/sync.c.obj
                0x0000000010000b7c                spin_locks_reset
 .text.next_striped_spin_lock_num
                0x0000000010000b98       0x18 CMakeFiles/main.dir/home/Sebus/PicoSDK/pico-sdk/src/rp2_common/hardware_sync/sync.c.obj
                0x0000000010000b98                next_striped_spin_lock_num
 .text.spin_lock_claim_unused
                0x0000000010000bb0       0x20 CMakeFiles/main.dir/home/Sebus/PicoSDK/pico-sdk/src/rp2_common/hardware_sync/sync.c.obj
                0x0000000010000bb0                spin_lock_claim_unused
 .text.timer_pool_entry_comparator
                0x0000000010000bd0       0x34 CMakeFiles/main.dir/home/Sebus/PicoSDK/pico-sdk/src/common/pico_time/time.c.obj
                0x0000000010000bd0                timer_pool_entry_comparator
 .text.repeating_timer_callback
                0x0000000010000c04       0x1c CMakeFiles/main.dir/home/Sebus/PicoSDK/pico-sdk/src/common/pico_time/time.c.obj
 .text.sleep_until_callback
                0x0000000010000c20       0x30 CMakeFiles/main.dir/home/Sebus/PicoSDK/pico-sdk/src/common/pico_time/time.c.obj
 .text.add_alarm_under_lock
                0x0000000010000c50      0x114 CMakeFiles/main.dir/home/Sebus/PicoSDK/pico-sdk/src/common/pico_time/time.c.obj
 .text.alarm_pool_alarm_callback
                0x0000000010000d64      0x1d0 CMakeFiles/main.dir/home/Sebus/PicoSDK/pico-sdk/src/common/pico_time/time.c.obj
 .text.alarm_pool_init_default
                0x0000000010000f34       0x64 CMakeFiles/main.dir/home/Sebus/PicoSDK/pico-sdk/src/common/pico_time/time.c.obj
                0x0000000010000f34                alarm_pool_init_default
 .text.alarm_pool_get_default
                0x0000000010000f98        0x8 CMakeFiles/main.dir/home/Sebus/PicoSDK/pico-sdk/src/common/pico_time/time.c.obj
                0x0000000010000f98                alarm_pool_get_default
 .text.alarm_pool_add_alarm_at
                0x0000000010000fa0      0x19c CMakeFiles/main.dir/home/Sebus/PicoSDK/pico-sdk/src/common/pico_time/time.c.obj
                0x0000000010000fa0                alarm_pool_add_alarm_at
 .text.alarm_pool_cancel_alarm
                0x000000001000113c       0x70 CMakeFiles/main.dir/home/Sebus/PicoSDK/pico-sdk/src/common/pico_time/time.c.obj
                0x000000001000113c                alarm_pool_cancel_alarm
 .text.alarm_pool_add_repeating_timer_us
                0x00000000100011ac      0x240 CMakeFiles/main.dir/home/Sebus/PicoSDK/pico-sdk/src/common/pico_time/time.c.obj
                0x00000000100011ac                alarm_pool_add_repeating_timer_us
 .text.sleep_until
                0x00000000100013ec       0xc4 CMakeFiles/main.dir/home/Sebus/PicoSDK/pico-sdk/src/common/pico_time/time.c.obj
                0x00000000100013ec                sleep_until
 .text.sleep_us
                0x00000000100014b0       0xe8 CMakeFiles/main.dir/home/Sebus/PicoSDK/pico-sdk/src/common/pico_time/time.c.obj
                0x00000000100014b0                sleep_us
 .text.sleep_ms
                0x0000000010001598       0x38 CMakeFiles/main.dir/home/Sebus/PicoSDK/pico-sdk/src/common/pico_time/time.c.obj
                0x0000000010001598                sleep_ms
 .text.best_effort_wfe_or_timeout
                0x00000000100015d0       0x58 CMakeFiles/main.dir/home/Sebus/PicoSDK/pico-sdk/src/common/pico_time/time.c.obj
                0x00000000100015d0                best_effort_wfe_or_timeout
 .text.hardware_alarm_irq_handler
                0x0000000010001628       0xb0 CMakeFiles/main.dir/home/Sebus/PicoSDK/pico-sdk/src/rp2_common/hardware_timer/timer.c.obj
 .text.hardware_alarm_claim
                0x00000000100016d8       0x18 CMakeFiles/main.dir/home/Sebus/PicoSDK/pico-sdk/src/rp2_common/hardware_timer/timer.c.obj
                0x00000000100016d8                hardware_alarm_claim
 .text.time_us_64
                0x00000000100016f0       0x18 CMakeFiles/main.dir/home/Sebus/PicoSDK/pico-sdk/src/rp2_common/hardware_timer/timer.c.obj
                0x00000000100016f0                time_us_64
 .text.busy_wait_until
                0x0000000010001708       0x20 CMakeFiles/main.dir/home/Sebus/PicoSDK/pico-sdk/src/rp2_common/hardware_timer/timer.c.obj
                0x0000000010001708                busy_wait_until
 .text.hardware_alarm_set_callback
                0x0000000010001728       0x8c CMakeFiles/main.dir/home/Sebus/PicoSDK/pico-sdk/src/rp2_common/hardware_timer/timer.c.obj
                0x0000000010001728                hardware_alarm_set_callback
 .text.hardware_alarm_set_target
                0x00000000100017b4       0xe8 CMakeFiles/main.dir/home/Sebus/PicoSDK/pico-sdk/src/rp2_common/hardware_timer/timer.c.obj
                0x00000000100017b4                hardware_alarm_set_target
 .text.hardware_alarm_cancel
                0x000000001000189c       0x40 CMakeFiles/main.dir/home/Sebus/PicoSDK/pico-sdk/src/rp2_common/hardware_timer/timer.c.obj
                0x000000001000189c                hardware_alarm_cancel
 .text.lock_init
                0x00000000100018dc       0x10 CMakeFiles/main.dir/home/Sebus/PicoSDK/pico-sdk/src/common/pico_sync/lock_core.c.obj
                0x00000000100018dc                lock_init
 .text.mutex_init
                0x00000000100018ec       0x1c CMakeFiles/main.dir/home/Sebus/PicoSDK/pico-sdk/src/common/pico_sync/mutex.c.obj
                0x00000000100018ec                mutex_init
 .text.recursive_mutex_init
                0x0000000010001908       0x1c CMakeFiles/main.dir/home/Sebus/PicoSDK/pico-sdk/src/common/pico_sync/mutex.c.obj
                0x0000000010001908                recursive_mutex_init
 .text.critical_section_init
                0x0000000010001924       0x20 CMakeFiles/main.dir/home/Sebus/PicoSDK/pico-sdk/src/common/pico_sync/critical_section.c.obj
                0x0000000010001924                critical_section_init
 .text.ph_merge_nodes
                0x0000000010001944       0x5c CMakeFiles/main.dir/home/Sebus/PicoSDK/pico-sdk/src/common/pico_util/pheap.c.obj
 .text.ph_post_alloc_init
                0x00000000100019a0      0x1b8 CMakeFiles/main.dir/home/Sebus/PicoSDK/pico-sdk/src/common/pico_util/pheap.c.obj
                0x00000000100019a0                ph_post_alloc_init
 .text.ph_merge_two_pass
                0x0000000010001b58       0x4c CMakeFiles/main.dir/home/Sebus/PicoSDK/pico-sdk/src/common/pico_util/pheap.c.obj
                0x0000000010001b58                ph_merge_two_pass
 .text.ph_remove_any_head
                0x0000000010001ba4      0x1b8 CMakeFiles/main.dir/home/Sebus/PicoSDK/pico-sdk/src/common/pico_util/pheap.c.obj
 .text.ph_remove_head
                0x0000000010001d5c      0x1bc CMakeFiles/main.dir/home/Sebus/PicoSDK/pico-sdk/src/common/pico_util/pheap.c.obj
                0x0000000010001d5c                ph_remove_head
 .text.ph_remove_and_free_node
                0x0000000010001f18       0x7c CMakeFiles/main.dir/home/Sebus/PicoSDK/pico-sdk/src/common/pico_util/pheap.c.obj
                0x0000000010001f18                ph_remove_and_free_node
 .text.runtime_init
                0x0000000010001f94       0xf4 CMakeFiles/main.dir/home/Sebus/PicoSDK/pico-sdk/src/rp2_common/pico_runtime/runtime.c.obj
                0x0000000010001f94                runtime_init
 .text._sbrk    0x0000000010002088       0x34 CMakeFiles/main.dir/home/Sebus/PicoSDK/pico-sdk/src/rp2_common/pico_runtime/runtime.c.obj
                0x0000000010002088                _sbrk
 .text.exit     0x00000000100020bc        0x4 CMakeFiles/main.dir/home/Sebus/PicoSDK/pico-sdk/src/rp2_common/pico_runtime/runtime.c.obj
                0x00000000100020bc                exit
 .text.panic    0x00000000100020c0       0x30 CMakeFiles/main.dir/home/Sebus/PicoSDK/pico-sdk/src/rp2_common/pico_runtime/runtime.c.obj
                0x00000000100020c0                panic
 .text.hard_assertion_failure
                0x00000000100020f0        0xc CMakeFiles/main.dir/home/Sebus/PicoSDK/pico-sdk/src/rp2_common/pico_runtime/runtime.c.obj
                0x00000000100020f0                hard_assertion_failure
 .text.clocks_init
                0x00000000100020fc      0x2c0 CMakeFiles/main.dir/home/Sebus/PicoSDK/pico-sdk/src/rp2_common/hardware_clocks/clocks.c.obj
                0x00000000100020fc                clocks_init
 .text.clock_get_hz
                0x00000000100023bc        0xc CMakeFiles/main.dir/home/Sebus/PicoSDK/pico-sdk/src/rp2_common/hardware_clocks/clocks.c.obj
                0x00000000100023bc                clock_get_hz
 .text.irq_set_enabled
                0x00000000100023c8       0x24 CMakeFiles/main.dir/home/Sebus/PicoSDK/pico-sdk/src/rp2_common/hardware_irq/irq.c.obj
                0x00000000100023c8                irq_set_enabled
 .text.irq_set_pending
                0x00000000100023ec       0x10 CMakeFiles/main.dir/home/Sebus/PicoSDK/pico-sdk/src/rp2_common/hardware_irq/irq.c.obj
                0x00000000100023ec                irq_set_pending
 .text.irq_get_vtable_handler
                0x00000000100023fc       0x10 CMakeFiles/main.dir/home/Sebus/PicoSDK/pico-sdk/src/rp2_common/hardware_irq/irq.c.obj
                0x00000000100023fc                irq_get_vtable_handler
 .text.irq_set_exclusive_handler
                0x000000001000240c       0x54 CMakeFiles/main.dir/home/Sebus/PicoSDK/pico-sdk/src/rp2_common/hardware_irq/irq.c.obj
                0x000000001000240c                irq_set_exclusive_handler
 .text.irq_remove_handler
                0x0000000010002460      0x1bc CMakeFiles/main.dir/home/Sebus/PicoSDK/pico-sdk/src/rp2_common/hardware_irq/irq.c.obj
                0x0000000010002460                irq_remove_handler
 .text.irq_add_tail_to_free_list
                0x000000001000261c       0xb4 CMakeFiles/main.dir/home/Sebus/PicoSDK/pico-sdk/src/rp2_common/hardware_irq/irq.c.obj
                0x000000001000261c                irq_add_tail_to_free_list
 .text.irq_init_priorities
                0x00000000100026d0       0x24 CMakeFiles/main.dir/home/Sebus/PicoSDK/pico-sdk/src/rp2_common/hardware_irq/irq.c.obj
                0x00000000100026d0                irq_init_priorities
 .text.pll_init
                0x00000000100026f4       0xa4 CMakeFiles/main.dir/home/Sebus/PicoSDK/pico-sdk/src/rp2_common/hardware_pll/pll.c.obj
                0x00000000100026f4                pll_init
 .text.watchdog_start_tick
                0x0000000010002798       0x10 CMakeFiles/main.dir/home/Sebus/PicoSDK/pico-sdk/src/rp2_common/hardware_watchdog/watchdog.c.obj
                0x0000000010002798                watchdog_start_tick
 .text.watchdog_reboot
                0x00000000100027a8       0x98 CMakeFiles/main.dir/home/Sebus/PicoSDK/pico-sdk/src/rp2_common/hardware_watchdog/watchdog.c.obj
                0x00000000100027a8                watchdog_reboot
 .text.xosc_init
                0x0000000010002840       0x28 CMakeFiles/main.dir/home/Sebus/PicoSDK/pico-sdk/src/rp2_common/hardware_xosc/xosc.c.obj
                0x0000000010002840                xosc_init
 .text._out_buffer
                0x0000000010002868        0x8 CMakeFiles/main.dir/home/Sebus/PicoSDK/pico-sdk/src/rp2_common/pico_printf/printf.c.obj
 .text._out_null
                0x0000000010002870        0x4 CMakeFiles/main.dir/home/Sebus/PicoSDK/pico-sdk/src/rp2_common/pico_printf/printf.c.obj
 .text._out_rev
                0x0000000010002874       0x9c CMakeFiles/main.dir/home/Sebus/PicoSDK/pico-sdk/src/rp2_common/pico_printf/printf.c.obj
 .text._ntoa_format
                0x0000000010002910      0x1c8 CMakeFiles/main.dir/home/Sebus/PicoSDK/pico-sdk/src/rp2_common/pico_printf/printf.c.obj
 .text._out_char
                0x0000000010002ad8       0x10 CMakeFiles/main.dir/home/Sebus/PicoSDK/pico-sdk/src/rp2_common/pico_printf/printf.c.obj
 .text._out_fct
                0x0000000010002ae8       0x10 CMakeFiles/main.dir/home/Sebus/PicoSDK/pico-sdk/src/rp2_common/pico_printf/printf.c.obj
 .text._etoa    0x0000000010002af8      0x45c CMakeFiles/main.dir/home/Sebus/PicoSDK/pico-sdk/src/rp2_common/pico_printf/printf.c.obj
 .text._ftoa    0x0000000010002f54      0x4c0 CMakeFiles/main.dir/home/Sebus/PicoSDK/pico-sdk/src/rp2_common/pico_printf/printf.c.obj
 .text._vsnprintf
                0x0000000010003414      0xad0 CMakeFiles/main.dir/home/Sebus/PicoSDK/pico-sdk/src/rp2_common/pico_printf/printf.c.obj
 .text.__wrap_sprintf
                0x0000000010003ee4       0x28 CMakeFiles/main.dir/home/Sebus/PicoSDK/pico-sdk/src/rp2_common/pico_printf/printf.c.obj
                0x0000000010003ee4                __wrap_sprintf
 .text.vfctprintf
                0x0000000010003f0c       0x20 CMakeFiles/main.dir/home/Sebus/PicoSDK/pico-sdk/src/rp2_common/pico_printf/printf.c.obj
                0x0000000010003f0c                vfctprintf
 .text.weak_raw_vprintf
                0x0000000010003f2c       0x30 CMakeFiles/main.dir/home/Sebus/PicoSDK/pico-sdk/src/rp2_common/pico_printf/printf.c.obj
                0x0000000010003f2c                weak_raw_vprintf
 .text          0x0000000010003f5c       0x10 CMakeFiles/main.dir/home/Sebus/PicoSDK/pico-sdk/src/rp2_common/pico_bit_ops/bit_ops_aeabi.S.obj
 .text.rom_func_lookup
                0x0000000010003f6c       0x10 CMakeFiles/main.dir/home/Sebus/PicoSDK/pico-sdk/src/rp2_common/pico_bootrom/bootrom.c.obj
                0x0000000010003f6c                rom_func_lookup
 .text.rom_data_lookup
                0x0000000010003f7c       0x10 CMakeFiles/main.dir/home/Sebus/PicoSDK/pico-sdk/src/rp2_common/pico_bootrom/bootrom.c.obj
                0x0000000010003f7c                rom_data_lookup
 .text.rom_funcs_lookup
                0x0000000010003f8c       0x3c CMakeFiles/main.dir/home/Sebus/PicoSDK/pico-sdk/src/rp2_common/pico_bootrom/bootrom.c.obj
                0x0000000010003f8c                rom_funcs_lookup
 .text.__wrap___aeabi_idiv
                0x0000000010003fc8       0x50 CMakeFiles/main.dir/home/Sebus/PicoSDK/pico-sdk/src/rp2_common/pico_divider/divider.S.obj
                0x0000000010003fc8                __wrap___aeabi_idivmod
                0x0000000010003fc8                divmod_s32s32
                0x0000000010003fc8                div_s32s32
                0x0000000010003fc8                __wrap___aeabi_idiv
                0x0000000010003fd0                divmod_s32s32_unsafe
                0x0000000010003ffc                divmod_s32s32_savestate
 .text.__wrap___aeabi_uidiv
                0x0000000010004018       0x4c CMakeFiles/main.dir/home/Sebus/PicoSDK/pico-sdk/src/rp2_common/pico_divider/divider.S.obj
                0x0000000010004018                __wrap___aeabi_uidiv
                0x0000000010004018                __wrap___aeabi_uidivmod
                0x0000000010004018                div_u32u32
                0x0000000010004018                divmod_u32u32
                0x0000000010004020                divmod_u32u32_unsafe
                0x0000000010004048                divmod_u32u32_savestate
 .text.__wrap___aeabi_ldiv
                0x0000000010004064      0x434 CMakeFiles/main.dir/home/Sebus/PicoSDK/pico-sdk/src/rp2_common/pico_divider/divider.S.obj
                0x0000000010004064                div_s64s64
                0x0000000010004064                divmod_s64s64
                0x0000000010004064                __wrap___aeabi_ldivmod
                0x000000001000409c                div_u64u64
                0x000000001000409c                divmod_u64u64
                0x000000001000409c                __wrap___aeabi_uldivmod
                0x00000000100040ac                divmod_u64u64_savestate
                0x00000000100040d4                divmod_s64s64_unsafe
                0x000000001000415c                divmod_u64u64_unsafe
 .text.__wrap___aeabi_darithmetic
                0x0000000010004498       0x80 CMakeFiles/main.dir/home/Sebus/PicoSDK/pico-sdk/src/rp2_common/pico_double/double_aeabi.S.obj
                0x0000000010004498                __wrap___aeabi_drsub
                0x000000001000449e                __wrap___aeabi_dsub
                0x00000000100044b0                __wrap___aeabi_dadd
                0x00000000100044c2                __wrap___aeabi_ddiv
                0x00000000100044fe                __wrap___aeabi_dmul
 .text.__wrap___aeabi_cdcmple
                0x0000000010004518       0x6c CMakeFiles/main.dir/home/Sebus/PicoSDK/pico-sdk/src/rp2_common/pico_double/double_aeabi.S.obj
                0x0000000010004518                __wrap___aeabi_cdrcmple
                0x0000000010004528                __wrap___aeabi_cdcmple
                0x0000000010004528                __wrap___aeabi_cdcmpeq
 .text.__wrap___aeabi_dcmplt
                0x0000000010004584        0xc CMakeFiles/main.dir/home/Sebus/PicoSDK/pico-sdk/src/rp2_common/pico_double/double_aeabi.S.obj
                0x0000000010004584                __wrap___aeabi_dcmplt
 .text.__wrap___aeabi_dcmpge
                0x0000000010004590       0x10 CMakeFiles/main.dir/home/Sebus/PicoSDK/pico-sdk/src/rp2_common/pico_double/double_aeabi.S.obj
                0x0000000010004590                __wrap___aeabi_dcmpge
 .text.__wrap___aeabi_dcmpgt
                0x00000000100045a0        0xa CMakeFiles/main.dir/home/Sebus/PicoSDK/pico-sdk/src/rp2_common/pico_double/double_aeabi.S.obj
                0x00000000100045a0                __wrap___aeabi_dcmpgt
 .text.__wrap___aeabi_dcmpun
                0x00000000100045aa       0x1c CMakeFiles/main.dir/home/Sebus/PicoSDK/pico-sdk/src/rp2_common/pico_double/double_aeabi.S.obj
                0x00000000100045aa                __wrap___aeabi_dcmpun
 *fill*         0x00000000100045c6        0x2 
 .text.__wrap___aeabi_i2d
                0x00000000100045c8       0x38 CMakeFiles/main.dir/home/Sebus/PicoSDK/pico-sdk/src/rp2_common/pico_double/double_aeabi.S.obj
                0x00000000100045c8                __wrap___aeabi_ui2d
                0x00000000100045d0                __wrap___aeabi_i2d
 .text.__wrap___aeabi_d2iz
                0x0000000010004600       0x48 CMakeFiles/main.dir/home/Sebus/PicoSDK/pico-sdk/src/rp2_common/pico_double/double_aeabi.S.obj
                0x0000000010004600                __wrap___aeabi_d2iz
                0x0000000010004600                double2int_z
 .text.__wrap___aeabi_d2uiz
                0x0000000010004648       0x18 CMakeFiles/main.dir/home/Sebus/PicoSDK/pico-sdk/src/rp2_common/pico_double/double_aeabi.S.obj
                0x0000000010004648                double2uint
                0x0000000010004648                __wrap___aeabi_d2uiz
 .text.__aeabi_double_init
                0x0000000010004660       0xbc CMakeFiles/main.dir/home/Sebus/PicoSDK/pico-sdk/src/rp2_common/pico_double/double_init_rom.c.obj
                0x0000000010004660                __aeabi_double_init
 .text.double_table_shim_on_use_helper
                0x000000001000471c       0x2c CMakeFiles/main.dir/home/Sebus/PicoSDK/pico-sdk/src/rp2_common/pico_double/double_v1_rom_shim.S.obj
                0x000000001000471c                double_table_shim_on_use_helper
 .text.__wrap___aeabi_dsub
                0x0000000010004748       0x10 CMakeFiles/main.dir/home/Sebus/PicoSDK/pico-sdk/src/rp2_common/pico_double/double_v1_rom_shim.S.obj
                0x0000000010004748                drsub_shim
                0x000000001000474e                dsub_shim
 .text.dadd_shim
                0x0000000010004758      0x15c CMakeFiles/main.dir/home/Sebus/PicoSDK/pico-sdk/src/rp2_common/pico_double/double_v1_rom_shim.S.obj
                0x0000000010004758                dadd_shim
 .text.dmul_shim
                0x00000000100048b4      0x15c CMakeFiles/main.dir/home/Sebus/PicoSDK/pico-sdk/src/rp2_common/pico_double/double_v1_rom_shim.S.obj
                0x00000000100048b4                dmul_shim
 .text.ddiv_shim
                0x0000000010004a10      0x1b0 CMakeFiles/main.dir/home/Sebus/PicoSDK/pico-sdk/src/rp2_common/pico_double/double_v1_rom_shim.S.obj
                0x0000000010004a10                ddiv_shim
 .text.double2uint_shim
                0x0000000010004bc0        0xe CMakeFiles/main.dir/home/Sebus/PicoSDK/pico-sdk/src/rp2_common/pico_double/double_v1_rom_shim.S.obj
                0x0000000010004bc0                double2uint_shim
                0x0000000010004bc2                double2ufix_shim
 *fill*         0x0000000010004bce        0x2 
 .text.double2uint64_shim
                0x0000000010004bd0       0x70 CMakeFiles/main.dir/home/Sebus/PicoSDK/pico-sdk/src/rp2_common/pico_double/double_v1_rom_shim.S.obj
                0x0000000010004bd0                double2uint64_shim
                0x0000000010004bd2                double2ufix64_shim
                0x0000000010004bf2                d2fix_a
 .text.dunpacks
                0x0000000010004c40       0x3c CMakeFiles/main.dir/home/Sebus/PicoSDK/pico-sdk/src/rp2_common/pico_double/double_v1_rom_shim.S.obj
                0x0000000010004c40                dunpacks
 .text.__aeabi_lmul
                0x0000000010004c7c       0x32 CMakeFiles/main.dir/home/Sebus/PicoSDK/pico-sdk/src/rp2_common/pico_int64_ops/pico_int64_ops_aeabi.S.obj
                0x0000000010004c7c                __wrap___aeabi_lmul
 *fill*         0x0000000010004cae        0x2 
 .text.__aeabi_float_init
                0x0000000010004cb0       0x68 CMakeFiles/main.dir/home/Sebus/PicoSDK/pico-sdk/src/rp2_common/pico_float/float_init_rom.c.obj
                0x0000000010004cb0                __aeabi_float_init
 .text.float_table_shim_on_use_helper
                0x0000000010004d18       0x2c CMakeFiles/main.dir/home/Sebus/PicoSDK/pico-sdk/src/rp2_common/pico_float/float_v1_rom_shim.S.obj
                0x0000000010004d18                float_table_shim_on_use_helper
 .text.__wrap_malloc
                0x0000000010004d44       0x24 CMakeFiles/main.dir/home/Sebus/PicoSDK/pico-sdk/src/rp2_common/pico_malloc/pico_malloc.c.obj
                0x0000000010004d44                __wrap_malloc
 .text          0x0000000010004d68       0x10 CMakeFiles/main.dir/home/Sebus/PicoSDK/pico-sdk/src/rp2_common/pico_mem_ops/mem_ops_aeabi.S.obj
                0x0000000010004d68                __aeabi_mem_init
 .text.memset   0x0000000010004d78        0xc CMakeFiles/main.dir/home/Sebus/PicoSDK/pico-sdk/src/rp2_common/pico_mem_ops/mem_ops_aeabi.S.obj
                0x0000000010004d78                __wrap_memset
 .text.memcpy   0x0000000010004d84        0xc CMakeFiles/main.dir/home/Sebus/PicoSDK/pico-sdk/src/rp2_common/pico_mem_ops/mem_ops_aeabi.S.obj
                0x0000000010004d84                __wrap___aeabi_memcpy
                0x0000000010004d84                __wrap_memcpy
 .text._Znaj    0x0000000010004d90        0x8 CMakeFiles/main.dir/home/Sebus/PicoSDK/pico-sdk/src/rp2_common/pico_standard_link/new_delete.cpp.obj
                0x0000000010004d90                operator new[](unsigned int)
 .text.stdio_out_chars_no_crlf
                0x0000000010004d98       0x10 CMakeFiles/main.dir/home/Sebus/PicoSDK/pico-sdk/src/rp2_common/pico_stdio/stdio.c.obj
 .text.stdio_out_chars_crlf
                0x0000000010004da8       0xac CMakeFiles/main.dir/home/Sebus/PicoSDK/pico-sdk/src/rp2_common/pico_stdio/stdio.c.obj
 .text.stdio_stack_buffer_flush.part.1
                0x0000000010004e54       0xe8 CMakeFiles/main.dir/home/Sebus/PicoSDK/pico-sdk/src/rp2_common/pico_stdio/stdio.c.obj
 .text.stdio_buffered_printer
                0x0000000010004f3c       0x20 CMakeFiles/main.dir/home/Sebus/PicoSDK/pico-sdk/src/rp2_common/pico_stdio/stdio.c.obj
 .text.stdio_put_string
                0x0000000010004f5c       0xf8 CMakeFiles/main.dir/home/Sebus/PicoSDK/pico-sdk/src/rp2_common/pico_stdio/stdio.c.obj
 .text.__wrap_putchar
                0x0000000010005054       0xa4 CMakeFiles/main.dir/home/Sebus/PicoSDK/pico-sdk/src/rp2_common/pico_stdio/stdio.c.obj
                0x0000000010005054                __wrap_putchar
 .text.__wrap_puts
                0x00000000100050f8       0x3c CMakeFiles/main.dir/home/Sebus/PicoSDK/pico-sdk/src/rp2_common/pico_stdio/stdio.c.obj
                0x00000000100050f8                __wrap_puts
 .text.stdio_set_driver_enabled
                0x0000000010005134       0x3c CMakeFiles/main.dir/home/Sebus/PicoSDK/pico-sdk/src/rp2_common/pico_stdio/stdio.c.obj
                0x0000000010005134                stdio_set_driver_enabled
 .text.__wrap_vprintf
                0x0000000010005170       0x98 CMakeFiles/main.dir/home/Sebus/PicoSDK/pico-sdk/src/rp2_common/pico_stdio/stdio.c.obj
                0x0000000010005170                __wrap_vprintf
 .text.__wrap_printf
                0x0000000010005208       0x18 CMakeFiles/main.dir/home/Sebus/PicoSDK/pico-sdk/src/rp2_common/pico_stdio/stdio.c.obj
                0x0000000010005208                __wrap_printf
 .text.stdio_init_all
                0x0000000010005220        0x8 CMakeFiles/main.dir/home/Sebus/PicoSDK/pico-sdk/src/rp2_common/pico_stdio/stdio.c.obj
                0x0000000010005220                stdio_init_all
 .text.resetd_init
                0x0000000010005228        0x4 CMakeFiles/main.dir/home/Sebus/PicoSDK/pico-sdk/src/rp2_common/pico_stdio_usb/reset_interface.c.obj
 .text.resetd_reset
                0x000000001000522c        0xc CMakeFiles/main.dir/home/Sebus/PicoSDK/pico-sdk/src/rp2_common/pico_stdio_usb/reset_interface.c.obj
 .text.resetd_open
                0x0000000010005238       0x28 CMakeFiles/main.dir/home/Sebus/PicoSDK/pico-sdk/src/rp2_common/pico_stdio_usb/reset_interface.c.obj
 .text.resetd_xfer_cb
                0x0000000010005260        0x4 CMakeFiles/main.dir/home/Sebus/PicoSDK/pico-sdk/src/rp2_common/pico_stdio_usb/reset_interface.c.obj
 .text.resetd_control_xfer_cb
                0x0000000010005264       0x64 CMakeFiles/main.dir/home/Sebus/PicoSDK/pico-sdk/src/rp2_common/pico_stdio_usb/reset_interface.c.obj
 .text.usbd_app_driver_get_cb
                0x00000000100052c8        0xc CMakeFiles/main.dir/home/Sebus/PicoSDK/pico-sdk/src/rp2_common/pico_stdio_usb/reset_interface.c.obj
                0x00000000100052c8                usbd_app_driver_get_cb
 .text.tud_cdc_line_coding_cb
                0x00000000100052d4       0x34 CMakeFiles/main.dir/home/Sebus/PicoSDK/pico-sdk/src/rp2_common/pico_stdio_usb/reset_interface.c.obj
                0x00000000100052d4                tud_cdc_line_coding_cb
 .text.stdio_usb_in_chars
                0x0000000010005308       0x68 CMakeFiles/main.dir/home/Sebus/PicoSDK/pico-sdk/src/rp2_common/pico_stdio_usb/stdio_usb.c.obj
                0x0000000010005308                stdio_usb_in_chars
 .text.stdio_usb_out_chars
                0x0000000010005370       0xf0 CMakeFiles/main.dir/home/Sebus/PicoSDK/pico-sdk/src/rp2_common/pico_stdio_usb/stdio_usb.c.obj
 .text.timer_task
                0x0000000010005460       0x10 CMakeFiles/main.dir/home/Sebus/PicoSDK/pico-sdk/src/rp2_common/pico_stdio_usb/stdio_usb.c.obj
 .text.low_priority_worker_irq
                0x0000000010005470       0x24 CMakeFiles/main.dir/home/Sebus/PicoSDK/pico-sdk/src/rp2_common/pico_stdio_usb/stdio_usb.c.obj
 .text.stdio_usb_init
                0x0000000010005494       0x8c CMakeFiles/main.dir/home/Sebus/PicoSDK/pico-sdk/src/rp2_common/pico_stdio_usb/stdio_usb.c.obj
                0x0000000010005494                stdio_usb_init
 .text.tud_descriptor_device_cb
                0x0000000010005520        0x8 CMakeFiles/main.dir/home/Sebus/PicoSDK/pico-sdk/src/rp2_common/pico_stdio_usb/stdio_usb_descriptors.c.obj
                0x0000000010005520                tud_descriptor_device_cb
 .text.tud_descriptor_configuration_cb
                0x0000000010005528        0x8 CMakeFiles/main.dir/home/Sebus/PicoSDK/pico-sdk/src/rp2_common/pico_stdio_usb/stdio_usb_descriptors.c.obj
                0x0000000010005528                tud_descriptor_configuration_cb
 .text.tud_descriptor_string_cb
                0x0000000010005530       0x70 CMakeFiles/main.dir/home/Sebus/PicoSDK/pico-sdk/src/rp2_common/pico_stdio_usb/stdio_usb_descriptors.c.obj
                0x0000000010005530                tud_descriptor_string_cb
 .text.dcd_rp2040_irq
                0x00000000100055a0      0x21c CMakeFiles/main.dir/home/Sebus/PicoSDK/pico-sdk/lib/tinyusb/src/portable/raspberrypi/rp2040/dcd_rp2040.c.obj
 .text.dcd_int_enable
                0x00000000100057bc        0xc CMakeFiles/main.dir/home/Sebus/PicoSDK/pico-sdk/lib/tinyusb/src/portable/raspberrypi/rp2040/dcd_rp2040.c.obj
                0x00000000100057bc                dcd_int_enable
 .text.dcd_set_address
                0x00000000100057c8       0x14 CMakeFiles/main.dir/home/Sebus/PicoSDK/pico-sdk/lib/tinyusb/src/portable/raspberrypi/rp2040/dcd_rp2040.c.obj
                0x00000000100057c8                dcd_set_address
 .text.dcd_connect
                0x00000000100057dc       0x10 CMakeFiles/main.dir/home/Sebus/PicoSDK/pico-sdk/lib/tinyusb/src/portable/raspberrypi/rp2040/dcd_rp2040.c.obj
                0x00000000100057dc                dcd_connect
 .text.dcd_init
                0x00000000100057ec      0x144 CMakeFiles/main.dir/home/Sebus/PicoSDK/pico-sdk/lib/tinyusb/src/portable/raspberrypi/rp2040/dcd_rp2040.c.obj
                0x00000000100057ec                dcd_init
 .text.dcd_edpt0_status_complete
                0x0000000010005930       0x1c CMakeFiles/main.dir/home/Sebus/PicoSDK/pico-sdk/lib/tinyusb/src/portable/raspberrypi/rp2040/dcd_rp2040.c.obj
                0x0000000010005930                dcd_edpt0_status_complete
 .text.dcd_edpt_open
                0x000000001000594c       0xe4 CMakeFiles/main.dir/home/Sebus/PicoSDK/pico-sdk/lib/tinyusb/src/portable/raspberrypi/rp2040/dcd_rp2040.c.obj
                0x000000001000594c                dcd_edpt_open
 .text.dcd_edpt_close_all
                0x0000000010005a30       0xbc CMakeFiles/main.dir/home/Sebus/PicoSDK/pico-sdk/lib/tinyusb/src/portable/raspberrypi/rp2040/dcd_rp2040.c.obj
                0x0000000010005a30                dcd_edpt_close_all
 .text.dcd_edpt_xfer
                0x0000000010005aec       0x24 CMakeFiles/main.dir/home/Sebus/PicoSDK/pico-sdk/lib/tinyusb/src/portable/raspberrypi/rp2040/dcd_rp2040.c.obj
                0x0000000010005aec                dcd_edpt_xfer
 .text.dcd_edpt_stall
                0x0000000010005b10       0x34 CMakeFiles/main.dir/home/Sebus/PicoSDK/pico-sdk/lib/tinyusb/src/portable/raspberrypi/rp2040/dcd_rp2040.c.obj
                0x0000000010005b10                dcd_edpt_stall
 .text.dcd_edpt_clear_stall
                0x0000000010005b44       0x2c CMakeFiles/main.dir/home/Sebus/PicoSDK/pico-sdk/lib/tinyusb/src/portable/raspberrypi/rp2040/dcd_rp2040.c.obj
                0x0000000010005b44                dcd_edpt_clear_stall
 .text._hw_endpoint_buffer_control_update32.part.2
                0x0000000010005b70       0x20 CMakeFiles/main.dir/home/Sebus/PicoSDK/pico-sdk/lib/tinyusb/src/portable/raspberrypi/rp2040/rp2040_usb.c.obj
 .text.rp2040_usb_init
                0x0000000010005b90       0x4c CMakeFiles/main.dir/home/Sebus/PicoSDK/pico-sdk/lib/tinyusb/src/portable/raspberrypi/rp2040/rp2040_usb.c.obj
                0x0000000010005b90                rp2040_usb_init
 .text.hw_endpoint_reset_transfer
                0x0000000010005bdc        0xc CMakeFiles/main.dir/home/Sebus/PicoSDK/pico-sdk/lib/tinyusb/src/portable/raspberrypi/rp2040/rp2040_usb.c.obj
                0x0000000010005bdc                hw_endpoint_reset_transfer
 .text._hw_endpoint_buffer_control_update32
                0x0000000010005be8       0x40 CMakeFiles/main.dir/home/Sebus/PicoSDK/pico-sdk/lib/tinyusb/src/portable/raspberrypi/rp2040/rp2040_usb.c.obj
                0x0000000010005be8                _hw_endpoint_buffer_control_update32
 .text.hw_endpoint_xfer_start
                0x0000000010005c28      0x138 CMakeFiles/main.dir/home/Sebus/PicoSDK/pico-sdk/lib/tinyusb/src/portable/raspberrypi/rp2040/rp2040_usb.c.obj
                0x0000000010005c28                hw_endpoint_xfer_start
 .text.hw_endpoint_xfer_continue
                0x0000000010005d60      0x1e0 CMakeFiles/main.dir/home/Sebus/PicoSDK/pico-sdk/lib/tinyusb/src/portable/raspberrypi/rp2040/rp2040_usb.c.obj
                0x0000000010005d60                hw_endpoint_xfer_continue
 .text.tud_mounted
                0x0000000010005f40       0x10 CMakeFiles/main.dir/home/Sebus/PicoSDK/pico-sdk/lib/tinyusb/src/device/usbd.c.obj
                0x0000000010005f40                tud_mounted
 .text.tud_suspended
                0x0000000010005f50       0x10 CMakeFiles/main.dir/home/Sebus/PicoSDK/pico-sdk/lib/tinyusb/src/device/usbd.c.obj
                0x0000000010005f50                tud_suspended
 .text.tud_inited
                0x0000000010005f60        0xc CMakeFiles/main.dir/home/Sebus/PicoSDK/pico-sdk/lib/tinyusb/src/device/usbd.c.obj
                0x0000000010005f60                tud_inited
 .text.tud_init
                0x0000000010005f6c       0xd4 CMakeFiles/main.dir/home/Sebus/PicoSDK/pico-sdk/lib/tinyusb/src/device/usbd.c.obj
                0x0000000010005f6c                tud_init
 .text.tud_task
                0x0000000010006040      0x928 CMakeFiles/main.dir/home/Sebus/PicoSDK/pico-sdk/lib/tinyusb/src/device/usbd.c.obj
                0x0000000010006040                tud_task
 .text.dcd_event_bus_signal
                0x0000000010006968      0x124 CMakeFiles/main.dir/home/Sebus/PicoSDK/pico-sdk/lib/tinyusb/src/device/usbd.c.obj
                0x0000000010006968                dcd_event_bus_signal
 .text.dcd_event_bus_reset
                0x0000000010006a8c       0x58 CMakeFiles/main.dir/home/Sebus/PicoSDK/pico-sdk/lib/tinyusb/src/device/usbd.c.obj
                0x0000000010006a8c                dcd_event_bus_reset
 .text.dcd_event_setup_received
                0x0000000010006ae4       0x50 CMakeFiles/main.dir/home/Sebus/PicoSDK/pico-sdk/lib/tinyusb/src/device/usbd.c.obj
                0x0000000010006ae4                dcd_event_setup_received
 .text.dcd_event_xfer_complete
                0x0000000010006b34       0x68 CMakeFiles/main.dir/home/Sebus/PicoSDK/pico-sdk/lib/tinyusb/src/device/usbd.c.obj
                0x0000000010006b34                dcd_event_xfer_complete
 .text.usbd_open_edpt_pair
                0x0000000010006b9c       0x9c CMakeFiles/main.dir/home/Sebus/PicoSDK/pico-sdk/lib/tinyusb/src/device/usbd.c.obj
                0x0000000010006b9c                usbd_open_edpt_pair
 .text.usbd_edpt_open
                0x0000000010006c38       0x30 CMakeFiles/main.dir/home/Sebus/PicoSDK/pico-sdk/lib/tinyusb/src/device/usbd.c.obj
                0x0000000010006c38                usbd_edpt_open
 .text.usbd_edpt_claim
                0x0000000010006c68       0x60 CMakeFiles/main.dir/home/Sebus/PicoSDK/pico-sdk/lib/tinyusb/src/device/usbd.c.obj
                0x0000000010006c68                usbd_edpt_claim
 .text.usbd_edpt_release
                0x0000000010006cc8       0x4c CMakeFiles/main.dir/home/Sebus/PicoSDK/pico-sdk/lib/tinyusb/src/device/usbd.c.obj
                0x0000000010006cc8                usbd_edpt_release
 .text.usbd_edpt_xfer
                0x0000000010006d14       0x48 CMakeFiles/main.dir/home/Sebus/PicoSDK/pico-sdk/lib/tinyusb/src/device/usbd.c.obj
                0x0000000010006d14                usbd_edpt_xfer
 .text.tud_control_status
                0x0000000010006d5c       0x30 CMakeFiles/main.dir/home/Sebus/PicoSDK/pico-sdk/lib/tinyusb/src/device/usbd_control.c.obj
                0x0000000010006d5c                tud_control_status
 .text.tud_control_xfer
                0x0000000010006d8c       0xb4 CMakeFiles/main.dir/home/Sebus/PicoSDK/pico-sdk/lib/tinyusb/src/device/usbd_control.c.obj
                0x0000000010006d8c                tud_control_xfer
 .text.usbd_control_reset
                0x0000000010006e40       0x14 CMakeFiles/main.dir/home/Sebus/PicoSDK/pico-sdk/lib/tinyusb/src/device/usbd_control.c.obj
                0x0000000010006e40                usbd_control_reset
 .text.usbd_control_set_complete_callback
                0x0000000010006e54        0xc CMakeFiles/main.dir/home/Sebus/PicoSDK/pico-sdk/lib/tinyusb/src/device/usbd_control.c.obj
                0x0000000010006e54                usbd_control_set_complete_callback
 .text.usbd_control_set_request
                0x0000000010006e60       0x1c CMakeFiles/main.dir/home/Sebus/PicoSDK/pico-sdk/lib/tinyusb/src/device/usbd_control.c.obj
                0x0000000010006e60                usbd_control_set_request
 .text.usbd_control_xfer_cb
                0x0000000010006e7c       0xfc CMakeFiles/main.dir/home/Sebus/PicoSDK/pico-sdk/lib/tinyusb/src/device/usbd_control.c.obj
                0x0000000010006e7c                usbd_control_xfer_cb
 .text.tud_cdc_n_connected
                0x0000000010006f78       0x30 CMakeFiles/main.dir/home/Sebus/PicoSDK/pico-sdk/lib/tinyusb/src/class/cdc/cdc_device.c.obj
                0x0000000010006f78                tud_cdc_n_connected
 .text.tud_cdc_n_available
                0x0000000010006fa8       0x18 CMakeFiles/main.dir/home/Sebus/PicoSDK/pico-sdk/lib/tinyusb/src/class/cdc/cdc_device.c.obj
                0x0000000010006fa8                tud_cdc_n_available
 .text.tud_cdc_n_read
                0x0000000010006fc0       0x70 CMakeFiles/main.dir/home/Sebus/PicoSDK/pico-sdk/lib/tinyusb/src/class/cdc/cdc_device.c.obj
                0x0000000010006fc0                tud_cdc_n_read
 .text.tud_cdc_n_write_flush
                0x0000000010007030       0x78 CMakeFiles/main.dir/home/Sebus/PicoSDK/pico-sdk/lib/tinyusb/src/class/cdc/cdc_device.c.obj
                0x0000000010007030                tud_cdc_n_write_flush
 .text.tud_cdc_n_write
                0x00000000100070a8       0x34 CMakeFiles/main.dir/home/Sebus/PicoSDK/pico-sdk/lib/tinyusb/src/class/cdc/cdc_device.c.obj
                0x00000000100070a8                tud_cdc_n_write
 .text.tud_cdc_n_write_available
                0x00000000100070dc       0x18 CMakeFiles/main.dir/home/Sebus/PicoSDK/pico-sdk/lib/tinyusb/src/class/cdc/cdc_device.c.obj
                0x00000000100070dc                tud_cdc_n_write_available
 .text.cdcd_init
                0x00000000100070f4       0x7c CMakeFiles/main.dir/home/Sebus/PicoSDK/pico-sdk/lib/tinyusb/src/class/cdc/cdc_device.c.obj
                0x00000000100070f4                cdcd_init
 .text.cdcd_reset
                0x0000000010007170       0x2c CMakeFiles/main.dir/home/Sebus/PicoSDK/pico-sdk/lib/tinyusb/src/class/cdc/cdc_device.c.obj
                0x0000000010007170                cdcd_reset
 .text.cdcd_open
                0x000000001000719c       0xe4 CMakeFiles/main.dir/home/Sebus/PicoSDK/pico-sdk/lib/tinyusb/src/class/cdc/cdc_device.c.obj
                0x000000001000719c                cdcd_open
 .text.cdcd_control_xfer_cb
                0x0000000010007280       0xdc CMakeFiles/main.dir/home/Sebus/PicoSDK/pico-sdk/lib/tinyusb/src/class/cdc/cdc_device.c.obj
                0x0000000010007280                cdcd_control_xfer_cb
 .text.cdcd_xfer_cb
                0x000000001000735c      0x19c CMakeFiles/main.dir/home/Sebus/PicoSDK/pico-sdk/lib/tinyusb/src/class/cdc/cdc_device.c.obj
                0x000000001000735c                cdcd_xfer_cb
 .text.tusb_init
                0x00000000100074f8        0xc CMakeFiles/main.dir/home/Sebus/PicoSDK/pico-sdk/lib/tinyusb/src/tusb.c.obj
                0x00000000100074f8                tusb_init
 .text.tusb_inited
                0x0000000010007504        0x8 CMakeFiles/main.dir/home/Sebus/PicoSDK/pico-sdk/lib/tinyusb/src/tusb.c.obj
                0x0000000010007504                tusb_inited
 .text.tu_edpt_validate
                0x000000001000750c       0x74 CMakeFiles/main.dir/home/Sebus/PicoSDK/pico-sdk/lib/tinyusb/src/tusb.c.obj
                0x000000001000750c                tu_edpt_validate
 .text.tu_edpt_bind_driver
                0x0000000010007580       0x2c CMakeFiles/main.dir/home/Sebus/PicoSDK/pico-sdk/lib/tinyusb/src/tusb.c.obj
                0x0000000010007580                tu_edpt_bind_driver
 .text.tu_fifo_config
                0x00000000100075ac       0x78 CMakeFiles/main.dir/home/Sebus/PicoSDK/pico-sdk/lib/tinyusb/src/common/tusb_fifo.c.obj
                0x00000000100075ac                tu_fifo_config
 .text.tu_fifo_count
                0x0000000010007624       0x24 CMakeFiles/main.dir/home/Sebus/PicoSDK/pico-sdk/lib/tinyusb/src/common/tusb_fifo.c.obj
                0x0000000010007624                tu_fifo_count
 .text.tu_fifo_empty
                0x0000000010007648       0x10 CMakeFiles/main.dir/home/Sebus/PicoSDK/pico-sdk/lib/tinyusb/src/common/tusb_fifo.c.obj
                0x0000000010007648                tu_fifo_empty
 .text.tu_fifo_remaining
                0x0000000010007658       0x20 CMakeFiles/main.dir/home/Sebus/PicoSDK/pico-sdk/lib/tinyusb/src/common/tusb_fifo.c.obj
                0x0000000010007658                tu_fifo_remaining
 .text.tu_fifo_read
                0x0000000010007678       0xa0 CMakeFiles/main.dir/home/Sebus/PicoSDK/pico-sdk/lib/tinyusb/src/common/tusb_fifo.c.obj
                0x0000000010007678                tu_fifo_read
 .text.tu_fifo_read_n
                0x0000000010007718       0xf8 CMakeFiles/main.dir/home/Sebus/PicoSDK/pico-sdk/lib/tinyusb/src/common/tusb_fifo.c.obj
                0x0000000010007718                tu_fifo_read_n
 .text.tu_fifo_write
                0x0000000010007810       0x80 CMakeFiles/main.dir/home/Sebus/PicoSDK/pico-sdk/lib/tinyusb/src/common/tusb_fifo.c.obj
                0x0000000010007810                tu_fifo_write
 .text.tu_fifo_write_n
                0x0000000010007890       0xfc CMakeFiles/main.dir/home/Sebus/PicoSDK/pico-sdk/lib/tinyusb/src/common/tusb_fifo.c.obj
                0x0000000010007890                tu_fifo_write_n
 .text.tu_fifo_clear
                0x000000001000798c       0x4c CMakeFiles/main.dir/home/Sebus/PicoSDK/pico-sdk/lib/tinyusb/src/common/tusb_fifo.c.obj
                0x000000001000798c                tu_fifo_clear
 .text.tu_fifo_set_overwritable
                0x00000000100079d8       0x3c CMakeFiles/main.dir/home/Sebus/PicoSDK/pico-sdk/lib/tinyusb/src/common/tusb_fifo.c.obj
                0x00000000100079d8                tu_fifo_set_overwritable
 .text.startup._retrieve_unique_id_on_boot
                0x0000000010007a14       0x10 CMakeFiles/main.dir/home/Sebus/PicoSDK/pico-sdk/src/rp2_common/pico_unique_id/unique_id.c.obj
 .text.pico_get_unique_board_id_string
                0x0000000010007a24      0x1cc CMakeFiles/main.dir/home/Sebus/PicoSDK/pico-sdk/src/rp2_common/pico_unique_id/unique_id.c.obj
                0x0000000010007a24                pico_get_unique_board_id_string
 .text.flash_get_unique_id
                0x0000000010007bf0       0x3c CMakeFiles/main.dir/home/Sebus/PicoSDK/pico-sdk/src/rp2_common/hardware_flash/flash.c.obj
                0x0000000010007bf0                flash_get_unique_id
 .text.adc_init
                0x0000000010007c2c       0x38 CMakeFiles/main.dir/home/Sebus/PicoSDK/pico-sdk/src/rp2_common/hardware_adc/adc.c.obj
                0x0000000010007c2c                adc_init
 .text.i2c_init
                0x0000000010007c64      0x108 CMakeFiles/main.dir/home/Sebus/PicoSDK/pico-sdk/src/rp2_common/hardware_i2c/i2c.c.obj
                0x0000000010007c64                i2c_init
 .text.i2c_write_blocking
                0x0000000010007d6c       0xd4 CMakeFiles/main.dir/home/Sebus/PicoSDK/pico-sdk/src/rp2_common/hardware_i2c/i2c.c.obj
                0x0000000010007d6c                i2c_write_blocking
 .text._ZN12pico_ssd13067SSD1306C2Ev
                0x0000000010007e40       0x10 pico-ssd1306/libpico_ssd1306.a(ssd1306.cpp.obj)
                0x0000000010007e40                pico_ssd1306::SSD1306::SSD1306()
                0x0000000010007e40                pico_ssd1306::SSD1306::SSD1306()
 .text._ZN12pico_ssd13067SSD13068setPixelEssNS_9WriteModeE
                0x0000000010007e50       0x98 pico-ssd1306/libpico_ssd1306.a(ssd1306.cpp.obj)
                0x0000000010007e50                pico_ssd1306::SSD1306::setPixel(short, short, pico_ssd1306::WriteMode)
 .text._ZN12pico_ssd13067SSD130610sendBufferEv
                0x0000000010007ee8       0xb4 pico-ssd1306/libpico_ssd1306.a(ssd1306.cpp.obj)
                0x0000000010007ee8                pico_ssd1306::SSD1306::sendBuffer()
 .text._ZN12pico_ssd13067SSD1306C2EP8i2c_insttNS_4SizeE
                0x0000000010007f9c       0x9c pico-ssd1306/libpico_ssd1306.a(ssd1306.cpp.obj)
                0x0000000010007f9c                pico_ssd1306::SSD1306::SSD1306(i2c_inst*, unsigned short, pico_ssd1306::Size)
                0x0000000010007f9c                pico_ssd1306::SSD1306::SSD1306(i2c_inst*, unsigned short, pico_ssd1306::Size)
 .text._ZN12pico_ssd13067SSD13065clearEv
                0x0000000010008038        0xc pico-ssd1306/libpico_ssd1306.a(ssd1306.cpp.obj)
                0x0000000010008038                pico_ssd1306::SSD1306::clear()
 .text._ZN11FrameBufferC2Ev
                0x0000000010008044       0x14 pico-ssd1306/libpico_ssd1306.a(FrameBuffer.cpp.obj)
                0x0000000010008044                FrameBuffer::FrameBuffer()
                0x0000000010008044                FrameBuffer::FrameBuffer()
 .text._ZN11FrameBuffer6byteOREih
                0x0000000010008058       0x18 pico-ssd1306/libpico_ssd1306.a(FrameBuffer.cpp.obj)
                0x0000000010008058                FrameBuffer::byteOR(int, unsigned char)
 .text._ZN11FrameBuffer7byteANDEih
                0x0000000010008070       0x18 pico-ssd1306/libpico_ssd1306.a(FrameBuffer.cpp.obj)
                0x0000000010008070                FrameBuffer::byteAND(int, unsigned char)
 .text._ZN11FrameBuffer7byteXOREih
                0x0000000010008088       0x18 pico-ssd1306/libpico_ssd1306.a(FrameBuffer.cpp.obj)
                0x0000000010008088                FrameBuffer::byteXOR(int, unsigned char)
 .text._ZN11FrameBuffer5clearEv
                0x00000000100080a0       0x10 pico-ssd1306/libpico_ssd1306.a(FrameBuffer.cpp.obj)
                0x00000000100080a0                FrameBuffer::clear()
 .text._ZN11FrameBuffer3getEv
                0x00000000100080b0        0x4 pico-ssd1306/libpico_ssd1306.a(FrameBuffer.cpp.obj)
                0x00000000100080b0                FrameBuffer::get()
 .text._ZN12pico_ssd13068drawCharEPNS_7SSD1306EPKhchhNS_9WriteModeENS_8RotationE.part.0
                0x00000000100080b4       0xf8 pico-ssd1306/textRenderer/libssd1306_textRenderer.a(TextRenderer.cpp.obj)
 .text._ZN12pico_ssd13068drawTextEPNS_7SSD1306EPKhPKchhNS_9WriteModeENS_8RotationE
                0x00000000100081ac       0xa8 pico-ssd1306/textRenderer/libssd1306_textRenderer.a(TextRenderer.cpp.obj)
                0x00000000100081ac                pico_ssd1306::drawText(pico_ssd1306::SSD1306*, unsigned char const*, char const*, unsigned char, unsigned char, pico_ssd1306::WriteMode, pico_ssd1306::Rotation)
 .text          0x0000000010008254       0x28 /usr/lib/gcc/arm-none-eabi/8.3.1/../../../arm-none-eabi/lib/thumb/v6-m/nofp/libc.a(lib_a-malloc.o)
                0x0000000010008254                malloc
                0x0000000010008268                free
 .text          0x000000001000827c      0x58c /usr/lib/gcc/arm-none-eabi/8.3.1/../../../arm-none-eabi/lib/thumb/v6-m/nofp/libc.a(lib_a-mallocr.o)
                0x000000001000827c                _malloc_r
 .text          0x0000000010008808        0x8 /usr/lib/gcc/arm-none-eabi/8.3.1/../../../arm-none-eabi/lib/thumb/v6-m/nofp/libc.a(lib_a-mlock.o)
                0x0000000010008808                __malloc_lock
                0x000000001000880c                __malloc_unlock
 .text          0x0000000010008810       0x24 /usr/lib/gcc/arm-none-eabi/8.3.1/../../../arm-none-eabi/lib/thumb/v6-m/nofp/libc.a(lib_a-sbrkr.o)
                0x0000000010008810                _sbrk_r
 .text          0x0000000010008834       0x68 /usr/lib/gcc/arm-none-eabi/8.3.1/../../../arm-none-eabi/lib/thumb/v6-m/nofp/libc.a(lib_a-strlen-stub.o)
                0x0000000010008834                strlen
 .text          0x000000001000889c      0x27c /usr/lib/gcc/arm-none-eabi/8.3.1/../../../arm-none-eabi/lib/thumb/v6-m/nofp/libc.a(lib_a-freer.o)
                0x000000001000889c                _malloc_trim_r
                0x000000001000893c                _free_r
 *(.fini)
 .fini          0x0000000010008b18        0x4 /usr/lib/gcc/arm-none-eabi/8.3.1/thumb/v6-m/nofp/crti.o
                0x0000000010008b18                _fini
 *fill*         0x0000000010008b1c        0x4 
 .fini.__stub   0x0000000010008b20       0x70 linker stubs
 *crtbegin.o(.ctors)
 *crtbegin?.o(.ctors)
 *(EXCLUDE_FILE(*crtend.o *crtend?.o) .ctors)
 *(SORT_BY_NAME(.ctors.*))
 *(.ctors)
 *crtbegin.o(.dtors)
 *crtbegin?.o(.dtors)
 *(EXCLUDE_FILE(*crtend.o *crtend?.o) .dtors)
 *(SORT_BY_NAME(.dtors.*))
 *(.dtors)
 *(.eh_frame*)
 .eh_frame      0x0000000010008b90        0x0 /usr/lib/gcc/arm-none-eabi/8.3.1/thumb/v6-m/nofp/crtbegin.o
                0x0000000010008b90                . = ALIGN (0x4)

.glue_7         0x0000000010008b90        0x0
 .glue_7        0x0000000010008b90        0x0 linker stubs

.glue_7t        0x0000000010008b90        0x0
 .glue_7t       0x0000000010008b90        0x0 linker stubs

.vfp11_veneer   0x0000000010008b90        0x0
 .vfp11_veneer  0x0000000010008b90        0x0 linker stubs

.v4_bx          0x0000000010008b90        0x0
 .v4_bx         0x0000000010008b90        0x0 linker stubs

.iplt           0x0000000010008b90        0x0
 .iplt          0x0000000010008b90        0x0 /usr/lib/gcc/arm-none-eabi/8.3.1/thumb/v6-m/nofp/crtbegin.o

.rodata         0x0000000010008b90      0x920
 *(EXCLUDE_FILE(*libm.a: *libc.a:*lib_a-mem*.o *libgcc.a:) .rodata*)
 .rodata._Z19irq_button_callbackv.str1.4
                0x0000000010008b90       0x79 CMakeFiles/main.dir/main.cpp.obj
 *fill*         0x0000000010008c09        0x3 
 .rodata._ZL8font_8x8
                0x0000000010008c0c      0x2fa CMakeFiles/main.dir/main.cpp.obj
 *fill*         0x0000000010008f06        0x2 
 .rodata.main.str1.4
                0x0000000010008f08       0x7f CMakeFiles/main.dir/main.cpp.obj
 *fill*         0x0000000010008f87        0x1 
 .rodata.spin_lock_claim_unused.str1.4
                0x0000000010008f88       0x1b CMakeFiles/main.dir/home/Sebus/PicoSDK/pico-sdk/src/rp2_common/hardware_sync/sync.c.obj
 *fill*         0x0000000010008fa3        0x1 
 .rodata.hardware_alarm_claim.str1.4
                0x0000000010008fa4       0x22 CMakeFiles/main.dir/home/Sebus/PicoSDK/pico-sdk/src/rp2_common/hardware_timer/timer.c.obj
 *fill*         0x0000000010008fc6        0x2 
 .rodata.hard_assertion_failure.str1.4
                0x0000000010008fc8        0xc CMakeFiles/main.dir/home/Sebus/PicoSDK/pico-sdk/src/rp2_common/pico_runtime/runtime.c.obj
 .rodata.panic.str1.4
                0x0000000010008fd4       0x12 CMakeFiles/main.dir/home/Sebus/PicoSDK/pico-sdk/src/rp2_common/pico_runtime/runtime.c.obj
 *fill*         0x0000000010008fe6        0x2 
 .rodata._vsnprintf
                0x0000000010008fe8      0x1e0 CMakeFiles/main.dir/home/Sebus/PicoSDK/pico-sdk/src/rp2_common/pico_printf/printf.c.obj
 .rodata._ftoa.str1.4
                0x00000000100091c8       0x15 CMakeFiles/main.dir/home/Sebus/PicoSDK/pico-sdk/src/rp2_common/pico_printf/printf.c.obj
 *fill*         0x00000000100091dd        0x3 
 .rodata.pow10.5485
                0x00000000100091e0       0x50 CMakeFiles/main.dir/home/Sebus/PicoSDK/pico-sdk/src/rp2_common/pico_printf/printf.c.obj
 .rodata.__wrap_malloc.str1.4
                0x0000000010009230        0xe CMakeFiles/main.dir/home/Sebus/PicoSDK/pico-sdk/src/rp2_common/pico_malloc/pico_malloc.c.obj
 *fill*         0x000000001000923e        0x2 
 .rodata.__bi_44
                0x0000000010009240        0xc CMakeFiles/main.dir/home/Sebus/PicoSDK/pico-sdk/src/rp2_common/pico_standard_link/binary_info.c.obj
 .rodata.__bi_75
                0x000000001000924c        0xc CMakeFiles/main.dir/home/Sebus/PicoSDK/pico-sdk/src/rp2_common/pico_standard_link/binary_info.c.obj
 .rodata.__bi_81
                0x0000000010009258        0xc CMakeFiles/main.dir/home/Sebus/PicoSDK/pico-sdk/src/rp2_common/pico_standard_link/binary_info.c.obj
 .rodata.str1.4
                0x0000000010009264       0x3c CMakeFiles/main.dir/home/Sebus/PicoSDK/pico-sdk/src/rp2_common/pico_standard_link/binary_info.c.obj
 .rodata.crlf_str.5954
                0x00000000100092a0        0x2 CMakeFiles/main.dir/home/Sebus/PicoSDK/pico-sdk/src/rp2_common/pico_stdio/stdio.c.obj
 *fill*         0x00000000100092a2        0x2 
 .rodata._resetd_driver
                0x00000000100092a4       0x18 CMakeFiles/main.dir/home/Sebus/PicoSDK/pico-sdk/src/rp2_common/pico_stdio_usb/reset_interface.c.obj
 .rodata.__bi_93.7232
                0x00000000100092bc        0xc CMakeFiles/main.dir/home/Sebus/PicoSDK/pico-sdk/src/rp2_common/pico_stdio_usb/stdio_usb.c.obj
 .rodata.str1.4
                0x00000000100092c8       0x13 CMakeFiles/main.dir/home/Sebus/PicoSDK/pico-sdk/src/rp2_common/pico_stdio_usb/stdio_usb.c.obj
 *fill*         0x00000000100092db        0x1 
 .rodata.str1.4
                0x00000000100092dc       0x2a CMakeFiles/main.dir/home/Sebus/PicoSDK/pico-sdk/src/rp2_common/pico_stdio_usb/stdio_usb_descriptors.c.obj
 *fill*         0x0000000010009306        0x2 
 .rodata.usbd_desc_cfg
                0x0000000010009308       0x54 CMakeFiles/main.dir/home/Sebus/PicoSDK/pico-sdk/src/rp2_common/pico_stdio_usb/stdio_usb_descriptors.c.obj
 .rodata.usbd_desc_device
                0x000000001000935c       0x12 CMakeFiles/main.dir/home/Sebus/PicoSDK/pico-sdk/src/rp2_common/pico_stdio_usb/stdio_usb_descriptors.c.obj
 *fill*         0x000000001000936e        0x2 
 .rodata.usbd_desc_str
                0x0000000010009370       0x18 CMakeFiles/main.dir/home/Sebus/PicoSDK/pico-sdk/src/rp2_common/pico_stdio_usb/stdio_usb_descriptors.c.obj
 .rodata.dcd_rp2040_irq.str1.4
                0x0000000010009388       0x14 CMakeFiles/main.dir/home/Sebus/PicoSDK/pico-sdk/lib/tinyusb/src/portable/raspberrypi/rp2040/dcd_rp2040.c.obj
 .rodata._hw_endpoint_buffer_control_update32.part.2.str1.4
                0x000000001000939c       0x1f CMakeFiles/main.dir/home/Sebus/PicoSDK/pico-sdk/lib/tinyusb/src/portable/raspberrypi/rp2040/rp2040_usb.c.obj
 *fill*         0x00000000100093bb        0x1 
 .rodata.hw_endpoint_xfer_continue.str1.4
                0x00000000100093bc       0x29 CMakeFiles/main.dir/home/Sebus/PicoSDK/pico-sdk/lib/tinyusb/src/portable/raspberrypi/rp2040/rp2040_usb.c.obj
 *fill*         0x00000000100093e5        0x3 
 .rodata.str1.4
                0x00000000100093e8        0x7 CMakeFiles/main.dir/home/Sebus/PicoSDK/pico-sdk/lib/tinyusb/src/portable/raspberrypi/rp2040/rp2040_usb.c.obj
 *fill*         0x00000000100093ef        0x1 
 .rodata.tud_task
                0x00000000100093f0       0x8c CMakeFiles/main.dir/home/Sebus/PicoSDK/pico-sdk/lib/tinyusb/src/device/usbd.c.obj
 .rodata._usbd_driver
                0x000000001000947c       0x18 CMakeFiles/main.dir/home/Sebus/PicoSDK/pico-sdk/lib/tinyusb/src/device/usbd.c.obj
 .rodata        0x0000000010009494       0x1b pico-ssd1306/libpico_ssd1306.a(ssd1306.cpp.obj)
                0x00000000100094b0                . = ALIGN (0x4)
 *fill*         0x00000000100094af        0x1 
 *(SORT_BY_ALIGNMENT(SORT_BY_NAME(.flashdata*)))
                0x00000000100094b0                . = ALIGN (0x4)

.rel.dyn        0x00000000100094b0        0x0
 .rel.iplt      0x00000000100094b0        0x0 /usr/lib/gcc/arm-none-eabi/8.3.1/thumb/v6-m/nofp/crtbegin.o

.ARM.extab
 *(.ARM.extab* .gnu.linkonce.armextab.*)
                0x00000000100094b0                __exidx_start = .

.ARM.exidx
 *(.ARM.exidx* .gnu.linkonce.armexidx.*)
                0x00000000100094b0                __exidx_end = .
                0x00000000100094b0                . = ALIGN (0x4)
                0x00000000100094b0                __binary_info_start = .

.binary_info    0x00000000100094b0       0x20
 *(.binary_info.keep.*)
 .binary_info.keep.__bi_ptr22
                0x00000000100094b0        0x4 CMakeFiles/main.dir/home/Sebus/PicoSDK/pico-sdk/src/rp2_common/pico_standard_link/binary_info.c.obj
 .binary_info.keep.__bi_ptr30
                0x00000000100094b4        0x4 CMakeFiles/main.dir/home/Sebus/PicoSDK/pico-sdk/src/rp2_common/pico_standard_link/binary_info.c.obj
 .binary_info.keep.__bi_ptr38
                0x00000000100094b8        0x4 CMakeFiles/main.dir/home/Sebus/PicoSDK/pico-sdk/src/rp2_common/pico_standard_link/binary_info.c.obj
 .binary_info.keep.__bi_ptr44
                0x00000000100094bc        0x4 CMakeFiles/main.dir/home/Sebus/PicoSDK/pico-sdk/src/rp2_common/pico_standard_link/binary_info.c.obj
 .binary_info.keep.__bi_ptr50
                0x00000000100094c0        0x4 CMakeFiles/main.dir/home/Sebus/PicoSDK/pico-sdk/src/rp2_common/pico_standard_link/binary_info.c.obj
 .binary_info.keep.__bi_ptr75
                0x00000000100094c4        0x4 CMakeFiles/main.dir/home/Sebus/PicoSDK/pico-sdk/src/rp2_common/pico_standard_link/binary_info.c.obj
 .binary_info.keep.__bi_ptr81
                0x00000000100094c8        0x4 CMakeFiles/main.dir/home/Sebus/PicoSDK/pico-sdk/src/rp2_common/pico_standard_link/binary_info.c.obj
 *(.binary_info.*)
 .binary_info.__bi_ptr93
                0x00000000100094cc        0x4 CMakeFiles/main.dir/home/Sebus/PicoSDK/pico-sdk/src/rp2_common/pico_stdio_usb/stdio_usb.c.obj
                0x00000000100094d0                __binary_info_end = .
                0x00000000100094d0                . = ALIGN (0x4)
                0x00000000100094d0                __etext = .

.ram_vector_table
                0x0000000020000000       0xc0
 *(.ram_vector_table)
 .ram_vector_table
                0x0000000020000000       0xc0 CMakeFiles/main.dir/home/Sebus/PicoSDK/pico-sdk/src/rp2_common/pico_runtime/runtime.c.obj
                0x0000000020000000                ram_vector_table

.data           0x00000000200000c0      0xc3c load address 0x00000000100094d0
                0x00000000200000c0                __data_start__ = .
 *(vtable)
 *(.time_critical*)
 .time_critical.mutex_enter_blocking
                0x00000000200000c0       0x48 CMakeFiles/main.dir/home/Sebus/PicoSDK/pico-sdk/src/common/pico_sync/mutex.c.obj
                0x00000000200000c0                mutex_enter_blocking
 .time_critical.mutex_try_enter
                0x0000000020000108       0x48 CMakeFiles/main.dir/home/Sebus/PicoSDK/pico-sdk/src/common/pico_sync/mutex.c.obj
                0x0000000020000108                mutex_try_enter
 .time_critical.mutex_enter_timeout_ms
                0x0000000020000150       0x98 CMakeFiles/main.dir/home/Sebus/PicoSDK/pico-sdk/src/common/pico_sync/mutex.c.obj
                0x0000000020000150                mutex_enter_timeout_ms
 .time_critical.mutex_exit
                0x00000000200001e8       0x28 CMakeFiles/main.dir/home/Sebus/PicoSDK/pico-sdk/src/common/pico_sync/mutex.c.obj
                0x00000000200001e8                mutex_exit
 .time_critical.flash_init_boot2_copyout
                0x0000000020000210       0x30 CMakeFiles/main.dir/home/Sebus/PicoSDK/pico-sdk/src/rp2_common/hardware_flash/flash.c.obj
 .time_critical.flash_enable_xip_via_boot2
                0x0000000020000240       0x10 CMakeFiles/main.dir/home/Sebus/PicoSDK/pico-sdk/src/rp2_common/hardware_flash/flash.c.obj
 .time_critical.flash_cs_force
                0x0000000020000250       0x38 CMakeFiles/main.dir/home/Sebus/PicoSDK/pico-sdk/src/rp2_common/hardware_flash/flash.c.obj
 .time_critical.flash_do_cmd
                0x0000000020000288       0xb4 CMakeFiles/main.dir/home/Sebus/PicoSDK/pico-sdk/src/rp2_common/hardware_flash/flash.c.obj
                0x0000000020000288                flash_do_cmd
 *(.text*)
 .text          0x000000002000033c        0x4 /usr/lib/gcc/arm-none-eabi/8.3.1/thumb/v6-m/nofp/libgcc.a(_dvmd_tls.o)
                0x000000002000033c                __aeabi_ldiv0
                0x000000002000033c                __aeabi_idiv0
 .text.__stub   0x0000000020000340       0x30 linker stubs
                0x0000000020000370                . = ALIGN (0x4)
 *(.rodata*)
                0x0000000020000370                . = ALIGN (0x4)
 *(.data*)
 .data.delay_repeat
                0x0000000020000370        0x2 CMakeFiles/main.dir/main.cpp.obj
                0x0000000020000370                delay_repeat
 .data.delay_sample_count
                0x0000000020000372        0x2 CMakeFiles/main.dir/main.cpp.obj
                0x0000000020000372                delay_sample_count
 .data.input_buffer_size
                0x0000000020000374        0x2 CMakeFiles/main.dir/main.cpp.obj
                0x0000000020000374                input_buffer_size
 .data.level    0x0000000020000376        0x2 CMakeFiles/main.dir/main.cpp.obj
                0x0000000020000376                level
 .data.modifiable_variables
                0x0000000020000378       0x38 CMakeFiles/main.dir/main.cpp.obj
                0x0000000020000378                modifiable_variables
 .data.striped_spin_lock_num
                0x00000000200003b0        0x1 CMakeFiles/main.dir/home/Sebus/PicoSDK/pico-sdk/src/rp2_common/hardware_sync/sync.c.obj
 *fill*         0x00000000200003b1        0x3 
 .data.default_alarm_pool
                0x00000000200003b4       0x18 CMakeFiles/main.dir/home/Sebus/PicoSDK/pico-sdk/src/common/pico_time/time.c.obj
 .data.default_alarm_pool_heap
                0x00000000200003cc       0x10 CMakeFiles/main.dir/home/Sebus/PicoSDK/pico-sdk/src/common/pico_time/time.c.obj
 .data          0x00000000200003dc       0x48 CMakeFiles/main.dir/home/Sebus/PicoSDK/pico-sdk/src/rp2_common/hardware_irq/irq_handler_chain.S.obj
                0x00000000200003dc                irq_handler_chain_slots
                0x000000002000040c                irq_handler_chain_first_slot
                0x0000000020000416                irq_handler_chain_remove_tail
 *fill*         0x0000000020000424        0xc 
 .data.aeabi_bits_funcs
                0x0000000020000430       0x10 CMakeFiles/main.dir/home/Sebus/PicoSDK/pico-sdk/src/rp2_common/pico_bit_ops/bit_ops_aeabi.S.obj
                0x0000000020000430                aeabi_bits_funcs
                0x0000000020000440                aeabi_bits_funcs_end
 .data.aeabi_mem_funcs
                0x0000000020000440       0x10 CMakeFiles/main.dir/home/Sebus/PicoSDK/pico-sdk/src/rp2_common/pico_mem_ops/mem_ops_aeabi.S.obj
                0x0000000020000440                aeabi_mem_funcs
                0x0000000020000450                aeabi_mem_funcs_end
 .data.stdio_usb
                0x0000000020000450       0x14 CMakeFiles/main.dir/home/Sebus/PicoSDK/pico-sdk/src/rp2_common/pico_stdio_usb/stdio_usb.c.obj
                0x0000000020000450                stdio_usb
 .data.ep_dir_string
                0x0000000020000464        0x8 CMakeFiles/main.dir/home/Sebus/PicoSDK/pico-sdk/lib/tinyusb/src/portable/raspberrypi/rp2040/rp2040_usb.c.obj
                0x0000000020000464                ep_dir_string
 .data._usbd_qdef
                0x000000002000046c       0x24 CMakeFiles/main.dir/home/Sebus/PicoSDK/pico-sdk/lib/tinyusb/src/device/usbd.c.obj
                0x000000002000046c                _usbd_qdef
 .data.i2c0_inst
                0x0000000020000490        0x8 CMakeFiles/main.dir/home/Sebus/PicoSDK/pico-sdk/src/rp2_common/hardware_i2c/i2c.c.obj
                0x0000000020000490                i2c0_inst
 .data          0x0000000020000498      0x430 /usr/lib/gcc/arm-none-eabi/8.3.1/../../../arm-none-eabi/lib/thumb/v6-m/nofp/libc.a(lib_a-impure.o)
                0x0000000020000498                _impure_ptr
 .data          0x00000000200008c8      0x410 /usr/lib/gcc/arm-none-eabi/8.3.1/../../../arm-none-eabi/lib/thumb/v6-m/nofp/libc.a(lib_a-mallocr.o)
                0x00000000200008c8                __malloc_sbrk_base
                0x00000000200008cc                __malloc_trim_threshold
                0x00000000200008d0                __malloc_av_
                0x0000000020000cd8                . = ALIGN (0x4)
 *(.after_data.*)
                0x0000000020000cd8                . = ALIGN (0x4)
                0x0000000020000cd8                PROVIDE (__mutex_array_start = .)
 *(SORT_BY_NAME(.mutex_array.*))
 *(.mutex_array)
 .mutex_array   0x0000000020000cd8        0x8 CMakeFiles/main.dir/home/Sebus/PicoSDK/pico-sdk/src/rp2_common/pico_stdio/stdio.c.obj
                0x0000000020000ce0                PROVIDE (__mutex_array_end = .)
                0x0000000020000ce0                . = ALIGN (0x4)
                0x0000000020000ce0                PROVIDE (__preinit_array_start = .)
 *(SORT_BY_NAME(.preinit_array.*))
 .preinit_array.00001
                0x0000000020000ce0        0x4 CMakeFiles/main.dir/home/Sebus/PicoSDK/pico-sdk/src/rp2_common/pico_mem_ops/mem_ops_aeabi.S.obj
 .preinit_array.00010
                0x0000000020000ce4        0x4 CMakeFiles/main.dir/home/Sebus/PicoSDK/pico-sdk/src/rp2_common/pico_bit_ops/bit_ops_aeabi.S.obj
 .preinit_array.00020
                0x0000000020000ce8        0x4 CMakeFiles/main.dir/home/Sebus/PicoSDK/pico-sdk/src/rp2_common/pico_double/double_aeabi.S.obj
 .preinit_array.00020
                0x0000000020000cec        0x4 CMakeFiles/main.dir/home/Sebus/PicoSDK/pico-sdk/src/rp2_common/pico_float/float_aeabi.S.obj
 *(.preinit_array)
                0x0000000020000cf0                PROVIDE (__preinit_array_end = .)
                0x0000000020000cf0                . = ALIGN (0x4)
                0x0000000020000cf0                PROVIDE (__init_array_start = .)
 *(SORT_BY_NAME(.init_array.*))
 *(.init_array)
 .init_array    0x0000000020000cf0        0x4 /usr/lib/gcc/arm-none-eabi/8.3.1/thumb/v6-m/nofp/crtbegin.o
 .init_array    0x0000000020000cf4        0x4 CMakeFiles/main.dir/main.cpp.obj
 .init_array    0x0000000020000cf8        0x4 CMakeFiles/main.dir/home/Sebus/PicoSDK/pico-sdk/src/rp2_common/pico_unique_id/unique_id.c.obj
                0x0000000020000cfc                PROVIDE (__init_array_end = .)
                0x0000000020000cfc                . = ALIGN (0x4)
                0x0000000020000cfc                PROVIDE (__fini_array_start = .)
 *(SORT_BY_NAME(.fini_array.*))
 *(.fini_array)
                0x0000000020000cfc                PROVIDE (__fini_array_end = .)
 *(.jcr)
                0x0000000020000cfc                . = ALIGN (0x4)
                0x0000000020000cfc                __data_end__ = .

.tm_clone_table
                0x0000000020000cfc        0x0 load address 0x000000001000a10c
 .tm_clone_table
                0x0000000020000cfc        0x0 /usr/lib/gcc/arm-none-eabi/8.3.1/thumb/v6-m/nofp/crtbegin.o
 .tm_clone_table
                0x0000000020000cfc        0x0 /usr/lib/gcc/arm-none-eabi/8.3.1/thumb/v6-m/nofp/crtend.o

.igot.plt       0x0000000020000cfc        0x0 load address 0x000000001000a10c
 .igot.plt      0x0000000020000cfc        0x0 /usr/lib/gcc/arm-none-eabi/8.3.1/thumb/v6-m/nofp/crtbegin.o

.uninitialized_data
                0x0000000020000cfc        0x0 load address 0x000000001000a10c
                0x0000000020000cfc                . = ALIGN (0x4)
 *(.uninitialized_data*)

.scratch_x      0x0000000020040000        0x0 load address 0x000000001000a10c
                0x0000000020040000                __scratch_x_start__ = .
 *(.scratch_x.*)
                0x0000000020040000                . = ALIGN (0x4)
                0x0000000020040000                __scratch_x_end__ = .
                0x000000001000a10c                __scratch_x_source__ = LOADADDR (.scratch_x)

.scratch_y      0x0000000020041000        0x0 load address 0x000000001000a10c
                0x0000000020041000                __scratch_y_start__ = .
 *(.scratch_y.*)
                0x0000000020041000                . = ALIGN (0x4)
                0x0000000020041000                __scratch_y_end__ = .
                0x000000001000a10c                __scratch_y_source__ = LOADADDR (.scratch_y)

.bss            0x0000000020000d00    0x17554
                0x0000000020000d00                . = ALIGN (0x4)
                0x0000000020000d00                __bss_start__ = .
 *(SORT_BY_ALIGNMENT(SORT_BY_NAME(.bss*)))
 .bss.default_alarm_pool_entries
                0x0000000020000d00      0x100 CMakeFiles/main.dir/home/Sebus/PicoSDK/pico-sdk/src/common/pico_time/time.c.obj
 .bss.last_avail_time.7211
                0x0000000020000e00        0x8 CMakeFiles/main.dir/home/Sebus/PicoSDK/pico-sdk/src/rp2_common/pico_stdio_usb/stdio_usb.c.obj
 .bss           0x0000000020000e08       0x1c /usr/lib/gcc/arm-none-eabi/8.3.1/thumb/v6-m/nofp/crtbegin.o
 .bss           0x0000000020000e24       0x34 /usr/lib/gcc/arm-none-eabi/8.3.1/../../../arm-none-eabi/lib/thumb/v6-m/nofp/libc.a(lib_a-mallocr.o)
                0x0000000020000e24                __malloc_top_pad
                0x0000000020000e28                __malloc_current_mallinfo
                0x0000000020000e50                __malloc_max_sbrked_mem
                0x0000000020000e54                __malloc_max_total_mem
 .bss._app_driver
                0x0000000020000e58        0x4 CMakeFiles/main.dir/home/Sebus/PicoSDK/pico-sdk/lib/tinyusb/src/device/usbd.c.obj
 .bss._callbacks
                0x0000000020000e5c        0x8 CMakeFiles/main.dir/home/Sebus/PicoSDK/pico-sdk/src/rp2_common/hardware_gpio/gpio.c.obj
 .bss._cdcd_itf
                0x0000000020000e64      0x2d8 CMakeFiles/main.dir/home/Sebus/PicoSDK/pico-sdk/lib/tinyusb/src/class/cdc/cdc_device.c.obj
 .bss._ctrl_xfer
                0x000000002000113c       0x14 CMakeFiles/main.dir/home/Sebus/PicoSDK/pico-sdk/lib/tinyusb/src/device/usbd_control.c.obj
 .bss._ubsd_mutexdef
                0x0000000020001150        0x8 CMakeFiles/main.dir/home/Sebus/PicoSDK/pico-sdk/lib/tinyusb/src/device/usbd.c.obj
 .bss._usbd_ctrl_buf
                0x0000000020001158       0x40 CMakeFiles/main.dir/home/Sebus/PicoSDK/pico-sdk/lib/tinyusb/src/device/usbd_control.c.obj
 .bss._usbd_dev
                0x0000000020001198       0x53 CMakeFiles/main.dir/home/Sebus/PicoSDK/pico-sdk/lib/tinyusb/src/device/usbd.c.obj
 *fill*         0x00000000200011eb        0x1 
 .bss._usbd_mutex
                0x00000000200011ec        0x4 CMakeFiles/main.dir/home/Sebus/PicoSDK/pico-sdk/lib/tinyusb/src/device/usbd.c.obj
 .bss._usbd_q   0x00000000200011f0        0x4 CMakeFiles/main.dir/home/Sebus/PicoSDK/pico-sdk/lib/tinyusb/src/device/usbd.c.obj
 .bss.alarm_callbacks
                0x00000000200011f4       0x10 CMakeFiles/main.dir/home/Sebus/PicoSDK/pico-sdk/src/rp2_common/hardware_timer/timer.c.obj
 .bss.boot2_copyout
                0x0000000020001204      0x100 CMakeFiles/main.dir/home/Sebus/PicoSDK/pico-sdk/src/rp2_common/hardware_flash/flash.c.obj
 .bss.channel   0x0000000020001304        0x4 CMakeFiles/main.dir/main.cpp.obj
                0x0000000020001304                channel
 .bss.claimed   0x0000000020001308        0x4 CMakeFiles/main.dir/home/Sebus/PicoSDK/pico-sdk/src/rp2_common/hardware_sync/sync.c.obj
 .bss.configured_freq
                0x000000002000130c       0x28 CMakeFiles/main.dir/home/Sebus/PicoSDK/pico-sdk/src/rp2_common/hardware_clocks/clocks.c.obj
 .bss.default_alarm_pool_entry_ids_high
                0x0000000020001334       0x10 CMakeFiles/main.dir/home/Sebus/PicoSDK/pico-sdk/src/common/pico_time/time.c.obj
 .bss.default_alarm_pool_heap_nodes
                0x0000000020001344       0x30 CMakeFiles/main.dir/home/Sebus/PicoSDK/pico-sdk/src/common/pico_time/time.c.obj
 .bss.desc_str.7110
                0x0000000020001374       0x28 CMakeFiles/main.dir/home/Sebus/PicoSDK/pico-sdk/src/rp2_common/pico_stdio_usb/stdio_usb_descriptors.c.obj
 .bss.display   0x000000002000139c       0x14 CMakeFiles/main.dir/main.cpp.obj
                0x000000002000139c                display
 .bss.drivers   0x00000000200013b0        0x4 CMakeFiles/main.dir/home/Sebus/PicoSDK/pico-sdk/src/rp2_common/pico_stdio/stdio.c.obj
 .bss.filter    0x00000000200013b4        0x4 CMakeFiles/main.dir/home/Sebus/PicoSDK/pico-sdk/src/rp2_common/pico_stdio/stdio.c.obj
 .bss.heap_end.5896
                0x00000000200013b8        0x4 CMakeFiles/main.dir/home/Sebus/PicoSDK/pico-sdk/src/rp2_common/pico_runtime/runtime.c.obj
 .bss.hw_endpoints
                0x00000000200013bc      0x400 CMakeFiles/main.dir/home/Sebus/PicoSDK/pico-sdk/lib/tinyusb/src/portable/raspberrypi/rp2040/dcd_rp2040.c.obj
 .bss.input_buffer
                0x00000000200017bc    0x16760 CMakeFiles/main.dir/main.cpp.obj
                0x00000000200017bc                input_buffer
 .bss.lazy_vsnprintf
                0x0000000020017f1c        0x4 CMakeFiles/main.dir/home/Sebus/PicoSDK/pico-sdk/src/rp2_common/pico_printf/printf.c.obj
 .bss.load_value
                0x0000000020017f20        0x4 CMakeFiles/main.dir/home/Sebus/PicoSDK/pico-sdk/src/rp2_common/hardware_watchdog/watchdog.c.obj
 .bss.next_buffer_ptr
                0x0000000020017f24        0x4 CMakeFiles/main.dir/home/Sebus/PicoSDK/pico-sdk/lib/tinyusb/src/portable/raspberrypi/rp2040/dcd_rp2040.c.obj
 .bss.pools     0x0000000020017f28       0x10 CMakeFiles/main.dir/home/Sebus/PicoSDK/pico-sdk/src/common/pico_time/time.c.obj
 .bss.pwm_callbacks
                0x0000000020017f38        0x4 CMakeFiles/main.dir/main.cpp.obj
                0x0000000020017f38                pwm_callbacks
 .bss.retrieved_id
                0x0000000020017f3c        0x8 CMakeFiles/main.dir/home/Sebus/PicoSDK/pico-sdk/src/rp2_common/pico_unique_id/unique_id.c.obj
 .bss.sf_clz_func
                0x0000000020017f44        0x4 CMakeFiles/main.dir/home/Sebus/PicoSDK/pico-sdk/src/rp2_common/pico_double/double_init_rom.c.obj
                0x0000000020017f44                sf_clz_func
 .bss.sleep_notifier
                0x0000000020017f48        0x4 CMakeFiles/main.dir/home/Sebus/PicoSDK/pico-sdk/src/common/pico_time/time.c.obj
 .bss.slice     0x0000000020017f4c        0x4 CMakeFiles/main.dir/main.cpp.obj
                0x0000000020017f4c                slice
 .bss.stdio_usb_mutex
                0x0000000020017f50        0x8 CMakeFiles/main.dir/home/Sebus/PicoSDK/pico-sdk/src/rp2_common/pico_stdio_usb/stdio_usb.c.obj
 .bss.target_hi
                0x0000000020017f58       0x10 CMakeFiles/main.dir/home/Sebus/PicoSDK/pico-sdk/src/rp2_common/hardware_timer/timer.c.obj
 .bss.temp_val  0x0000000020017f68        0x4 CMakeFiles/main.dir/main.cpp.obj
                0x0000000020017f68                temp_val
 .bss.usbd_serial_str
                0x0000000020017f6c       0x11 CMakeFiles/main.dir/home/Sebus/PicoSDK/pico-sdk/src/rp2_common/pico_stdio_usb/stdio_usb_descriptors.c.obj
 *fill*         0x0000000020017f7d        0x1 
 .bss.delayed_value
                0x0000000020017f7e        0x2 CMakeFiles/main.dir/main.cpp.obj
                0x0000000020017f7e                delayed_value
 .bss.input_buffer_input_counter
                0x0000000020017f80        0x2 CMakeFiles/main.dir/main.cpp.obj
                0x0000000020017f80                input_buffer_input_counter
 .bss.input_buffer_output_counter
                0x0000000020017f82        0x2 CMakeFiles/main.dir/main.cpp.obj
                0x0000000020017f82                input_buffer_output_counter
 .bss.selected_variable
                0x0000000020017f84        0x2 CMakeFiles/main.dir/main.cpp.obj
                0x0000000020017f84                selected_variable
 .bss._app_driver_count
                0x0000000020017f86        0x1 CMakeFiles/main.dir/home/Sebus/PicoSDK/pico-sdk/lib/tinyusb/src/device/usbd.c.obj
 .bss._usbd_initialized
                0x0000000020017f87        0x1 CMakeFiles/main.dir/home/Sebus/PicoSDK/pico-sdk/lib/tinyusb/src/device/usbd.c.obj
 .bss.boot2_copyout_valid
                0x0000000020017f88        0x1 CMakeFiles/main.dir/home/Sebus/PicoSDK/pico-sdk/src/rp2_common/hardware_flash/flash.c.obj
 .bss.claimed   0x0000000020017f89        0x1 CMakeFiles/main.dir/home/Sebus/PicoSDK/pico-sdk/src/rp2_common/hardware_timer/timer.c.obj
 .bss.irq_hander_chain_free_slot_head
                0x0000000020017f8a        0x1 CMakeFiles/main.dir/home/Sebus/PicoSDK/pico-sdk/src/rp2_common/hardware_irq/irq.c.obj
 .bss.itf_num   0x0000000020017f8b        0x1 CMakeFiles/main.dir/home/Sebus/PicoSDK/pico-sdk/src/rp2_common/pico_stdio_usb/reset_interface.c.obj
 .bss.timer_callbacks_pending
                0x0000000020017f8c        0x1 CMakeFiles/main.dir/home/Sebus/PicoSDK/pico-sdk/src/rp2_common/hardware_timer/timer.c.obj
 *(COMMON)
 *fill*         0x0000000020017f8d        0x3 
 COMMON         0x0000000020017f90      0x100 CMakeFiles/main.dir/home/Sebus/PicoSDK/pico-sdk/src/rp2_common/pico_double/double_init_rom.c.obj
                0x0000000020017f90                sd_table
 COMMON         0x0000000020018090      0x100 CMakeFiles/main.dir/home/Sebus/PicoSDK/pico-sdk/src/rp2_common/pico_float/float_init_rom.c.obj
                0x0000000020018090                sf_table
 COMMON         0x0000000020018190       0xc0 CMakeFiles/main.dir/home/Sebus/PicoSDK/pico-sdk/lib/tinyusb/src/device/usbd.c.obj
                0x0000000020018190                _usbd_qdef_buf
 COMMON         0x0000000020018250        0x4 /usr/lib/gcc/arm-none-eabi/8.3.1/../../../arm-none-eabi/lib/thumb/v6-m/nofp/libc.a(lib_a-reent.o)
                0x0000000020018250                errno
                0x0000000020018254                . = ALIGN (0x4)
                0x0000000020018254                __bss_end__ = .

.heap           0x0000000020018254      0x800
                0x0000000020018254                __end__ = .
                0x0000000020018254                end = __end__
 *(.heap*)
 .heap          0x0000000020018254      0x800 CMakeFiles/main.dir/home/Sebus/PicoSDK/pico-sdk/src/rp2_common/pico_standard_link/crt0.S.obj
                0x0000000020018a54                __HeapLimit = .

.stack1_dummy   0x0000000020040000        0x0
 *(.stack1*)

.stack_dummy    0x0000000020041000      0x800
 *(.stack*)
 .stack         0x0000000020041000      0x800 CMakeFiles/main.dir/home/Sebus/PicoSDK/pico-sdk/src/rp2_common/pico_standard_link/crt0.S.obj

.flash_end      0x000000001000a10c        0x0
                0x000000001000a10c                __flash_binary_end = .
                0x0000000020040000                __StackLimit = (ORIGIN (RAM) + LENGTH (RAM))
                0x0000000020041000                __StackOneTop = (ORIGIN (SCRATCH_X) + LENGTH (SCRATCH_X))
                0x0000000020042000                __StackTop = (ORIGIN (SCRATCH_Y) + LENGTH (SCRATCH_Y))
                0x0000000020041000                __StackOneBottom = (__StackOneTop - SIZEOF (.stack1_dummy))
                0x0000000020041800                __StackBottom = (__StackTop - SIZEOF (.stack_dummy))
                0x0000000020042000                PROVIDE (__stack = __StackTop)
                0x0000000000000001                ASSERT ((__StackLimit >= __HeapLimit), region RAM overflowed)
                0x0000000000000001                ASSERT (((__binary_info_header_end - __logical_binary_start) <= 0x100), Binary info must be in first 256 bytes of the binary)
LOAD CMakeFiles/main.dir/main.cpp.obj
LOAD CMakeFiles/main.dir/home/Sebus/PicoSDK/pico-sdk/src/rp2_common/pico_stdlib/stdlib.c.obj
LOAD CMakeFiles/main.dir/home/Sebus/PicoSDK/pico-sdk/src/rp2_common/hardware_gpio/gpio.c.obj
LOAD CMakeFiles/main.dir/home/Sebus/PicoSDK/pico-sdk/src/rp2_common/hardware_claim/claim.c.obj
LOAD CMakeFiles/main.dir/home/Sebus/PicoSDK/pico-sdk/src/rp2_common/pico_platform/platform.c.obj
LOAD CMakeFiles/main.dir/home/Sebus/PicoSDK/pico-sdk/src/rp2_common/hardware_sync/sync.c.obj
LOAD CMakeFiles/main.dir/home/Sebus/PicoSDK/pico-sdk/src/rp2_common/hardware_uart/uart.c.obj
LOAD CMakeFiles/main.dir/home/Sebus/PicoSDK/pico-sdk/src/rp2_common/hardware_divider/divider.S.obj
LOAD CMakeFiles/main.dir/home/Sebus/PicoSDK/pico-sdk/src/common/pico_time/time.c.obj
LOAD CMakeFiles/main.dir/home/Sebus/PicoSDK/pico-sdk/src/common/pico_time/timeout_helper.c.obj
LOAD CMakeFiles/main.dir/home/Sebus/PicoSDK/pico-sdk/src/rp2_common/hardware_timer/timer.c.obj
LOAD CMakeFiles/main.dir/home/Sebus/PicoSDK/pico-sdk/src/common/pico_sync/sem.c.obj
LOAD CMakeFiles/main.dir/home/Sebus/PicoSDK/pico-sdk/src/common/pico_sync/lock_core.c.obj
LOAD CMakeFiles/main.dir/home/Sebus/PicoSDK/pico-sdk/src/common/pico_sync/mutex.c.obj
LOAD CMakeFiles/main.dir/home/Sebus/PicoSDK/pico-sdk/src/common/pico_sync/critical_section.c.obj
LOAD CMakeFiles/main.dir/home/Sebus/PicoSDK/pico-sdk/src/common/pico_util/datetime.c.obj
LOAD CMakeFiles/main.dir/home/Sebus/PicoSDK/pico-sdk/src/common/pico_util/pheap.c.obj
LOAD CMakeFiles/main.dir/home/Sebus/PicoSDK/pico-sdk/src/common/pico_util/queue.c.obj
LOAD CMakeFiles/main.dir/home/Sebus/PicoSDK/pico-sdk/src/rp2_common/pico_runtime/runtime.c.obj
LOAD CMakeFiles/main.dir/home/Sebus/PicoSDK/pico-sdk/src/rp2_common/hardware_clocks/clocks.c.obj
LOAD CMakeFiles/main.dir/home/Sebus/PicoSDK/pico-sdk/src/rp2_common/hardware_irq/irq.c.obj
LOAD CMakeFiles/main.dir/home/Sebus/PicoSDK/pico-sdk/src/rp2_common/hardware_irq/irq_handler_chain.S.obj
LOAD CMakeFiles/main.dir/home/Sebus/PicoSDK/pico-sdk/src/rp2_common/hardware_pll/pll.c.obj
LOAD CMakeFiles/main.dir/home/Sebus/PicoSDK/pico-sdk/src/rp2_common/hardware_vreg/vreg.c.obj
LOAD CMakeFiles/main.dir/home/Sebus/PicoSDK/pico-sdk/src/rp2_common/hardware_watchdog/watchdog.c.obj
LOAD CMakeFiles/main.dir/home/Sebus/PicoSDK/pico-sdk/src/rp2_common/hardware_xosc/xosc.c.obj
LOAD CMakeFiles/main.dir/home/Sebus/PicoSDK/pico-sdk/src/rp2_common/pico_printf/printf.c.obj
LOAD CMakeFiles/main.dir/home/Sebus/PicoSDK/pico-sdk/src/rp2_common/pico_bit_ops/bit_ops_aeabi.S.obj
LOAD CMakeFiles/main.dir/home/Sebus/PicoSDK/pico-sdk/src/rp2_common/pico_bootrom/bootrom.c.obj
LOAD CMakeFiles/main.dir/home/Sebus/PicoSDK/pico-sdk/src/rp2_common/pico_divider/divider.S.obj
LOAD CMakeFiles/main.dir/home/Sebus/PicoSDK/pico-sdk/src/rp2_common/pico_double/double_aeabi.S.obj
LOAD CMakeFiles/main.dir/home/Sebus/PicoSDK/pico-sdk/src/rp2_common/pico_double/double_init_rom.c.obj
LOAD CMakeFiles/main.dir/home/Sebus/PicoSDK/pico-sdk/src/rp2_common/pico_double/double_math.c.obj
LOAD CMakeFiles/main.dir/home/Sebus/PicoSDK/pico-sdk/src/rp2_common/pico_double/double_v1_rom_shim.S.obj
LOAD CMakeFiles/main.dir/home/Sebus/PicoSDK/pico-sdk/src/rp2_common/pico_int64_ops/pico_int64_ops_aeabi.S.obj
LOAD CMakeFiles/main.dir/home/Sebus/PicoSDK/pico-sdk/src/rp2_common/pico_float/float_aeabi.S.obj
LOAD CMakeFiles/main.dir/home/Sebus/PicoSDK/pico-sdk/src/rp2_common/pico_float/float_init_rom.c.obj
LOAD CMakeFiles/main.dir/home/Sebus/PicoSDK/pico-sdk/src/rp2_common/pico_float/float_math.c.obj
LOAD CMakeFiles/main.dir/home/Sebus/PicoSDK/pico-sdk/src/rp2_common/pico_float/float_v1_rom_shim.S.obj
LOAD CMakeFiles/main.dir/home/Sebus/PicoSDK/pico-sdk/src/rp2_common/pico_malloc/pico_malloc.c.obj
LOAD CMakeFiles/main.dir/home/Sebus/PicoSDK/pico-sdk/src/rp2_common/pico_mem_ops/mem_ops_aeabi.S.obj
LOAD CMakeFiles/main.dir/home/Sebus/PicoSDK/pico-sdk/src/rp2_common/pico_standard_link/crt0.S.obj
LOAD CMakeFiles/main.dir/home/Sebus/PicoSDK/pico-sdk/src/rp2_common/pico_standard_link/new_delete.cpp.obj
LOAD CMakeFiles/main.dir/home/Sebus/PicoSDK/pico-sdk/src/rp2_common/pico_standard_link/binary_info.c.obj
LOAD CMakeFiles/main.dir/home/Sebus/PicoSDK/pico-sdk/src/rp2_common/pico_stdio/stdio.c.obj
LOAD CMakeFiles/main.dir/home/Sebus/PicoSDK/pico-sdk/src/rp2_common/pico_stdio_usb/reset_interface.c.obj
LOAD CMakeFiles/main.dir/home/Sebus/PicoSDK/pico-sdk/src/rp2_common/pico_stdio_usb/stdio_usb.c.obj
LOAD CMakeFiles/main.dir/home/Sebus/PicoSDK/pico-sdk/src/rp2_common/pico_stdio_usb/stdio_usb_descriptors.c.obj
LOAD CMakeFiles/main.dir/home/Sebus/PicoSDK/pico-sdk/lib/tinyusb/src/portable/raspberrypi/rp2040/dcd_rp2040.c.obj
LOAD CMakeFiles/main.dir/home/Sebus/PicoSDK/pico-sdk/lib/tinyusb/src/portable/raspberrypi/rp2040/rp2040_usb.c.obj
LOAD CMakeFiles/main.dir/home/Sebus/PicoSDK/pico-sdk/lib/tinyusb/src/device/usbd.c.obj
LOAD CMakeFiles/main.dir/home/Sebus/PicoSDK/pico-sdk/lib/tinyusb/src/device/usbd_control.c.obj
LOAD CMakeFiles/main.dir/home/Sebus/PicoSDK/pico-sdk/lib/tinyusb/src/class/audio/audio_device.c.obj
LOAD CMakeFiles/main.dir/home/Sebus/PicoSDK/pico-sdk/lib/tinyusb/src/class/cdc/cdc_device.c.obj
LOAD CMakeFiles/main.dir/home/Sebus/PicoSDK/pico-sdk/lib/tinyusb/src/class/dfu/dfu_device.c.obj
LOAD CMakeFiles/main.dir/home/Sebus/PicoSDK/pico-sdk/lib/tinyusb/src/class/dfu/dfu_rt_device.c.obj
LOAD CMakeFiles/main.dir/home/Sebus/PicoSDK/pico-sdk/lib/tinyusb/src/class/hid/hid_device.c.obj
LOAD CMakeFiles/main.dir/home/Sebus/PicoSDK/pico-sdk/lib/tinyusb/src/class/midi/midi_device.c.obj
LOAD CMakeFiles/main.dir/home/Sebus/PicoSDK/pico-sdk/lib/tinyusb/src/class/msc/msc_device.c.obj
LOAD CMakeFiles/main.dir/home/Sebus/PicoSDK/pico-sdk/lib/tinyusb/src/class/net/ecm_rndis_device.c.obj
LOAD CMakeFiles/main.dir/home/Sebus/PicoSDK/pico-sdk/lib/tinyusb/src/class/net/ncm_device.c.obj
LOAD CMakeFiles/main.dir/home/Sebus/PicoSDK/pico-sdk/lib/tinyusb/src/class/usbtmc/usbtmc_device.c.obj
LOAD CMakeFiles/main.dir/home/Sebus/PicoSDK/pico-sdk/lib/tinyusb/src/class/vendor/vendor_device.c.obj
LOAD CMakeFiles/main.dir/home/Sebus/PicoSDK/pico-sdk/lib/tinyusb/src/class/video/video_device.c.obj
LOAD CMakeFiles/main.dir/home/Sebus/PicoSDK/pico-sdk/lib/tinyusb/src/tusb.c.obj
LOAD CMakeFiles/main.dir/home/Sebus/PicoSDK/pico-sdk/lib/tinyusb/src/common/tusb_fifo.c.obj
LOAD CMakeFiles/main.dir/home/Sebus/PicoSDK/pico-sdk/src/rp2_common/pico_fix/rp2040_usb_device_enumeration/rp2040_usb_device_enumeration.c.obj
LOAD CMakeFiles/main.dir/home/Sebus/PicoSDK/pico-sdk/src/rp2_common/pico_unique_id/unique_id.c.obj
LOAD CMakeFiles/main.dir/home/Sebus/PicoSDK/pico-sdk/src/rp2_common/hardware_flash/flash.c.obj
LOAD CMakeFiles/main.dir/home/Sebus/PicoSDK/pico-sdk/src/rp2_common/hardware_adc/adc.c.obj
LOAD CMakeFiles/main.dir/home/Sebus/PicoSDK/pico-sdk/src/rp2_common/hardware_i2c/i2c.c.obj
LOAD pico-ssd1306/libpico_ssd1306.a
LOAD pico-ssd1306/textRenderer/libssd1306_textRenderer.a
LOAD /tmp/ccLd1xn3.o
LOAD /usr/lib/gcc/arm-none-eabi/8.3.1/../../../arm-none-eabi/lib/thumb/v6-m/nofp/libstdc++.a
LOAD /usr/lib/gcc/arm-none-eabi/8.3.1/../../../arm-none-eabi/lib/thumb/v6-m/nofp/libm.a
START GROUP